[2026-01-02 19:51:22.87] Compiling .... WARNING: Slither was explicitly disabled. Echidna uses Slither (https://github.com/crytic/slither) to perform source analysis, which makes fuzzing more effective. You should enable it.
Done! (85.418257s)
Analyzing contract: /Users/nelsonpereira/Documents/GitHub/Auditing/Fuzzing/Recon_Fuzzing/Nerite_Fresh/nerite/contracts/test/recon/CryticTester.sol:CryticTester
Loaded 0 transaction sequences from echidna/reproducers
Loaded 0 transaction sequences from echidna/coverage
[2026-01-02 19:52:51.25] [Worker 0] New coverage: 67924 instr, 59 contracts, 1 seqs in corpus
[2026-01-02 19:52:51.29] [Worker 3] New coverage: 68179 instr, 59 contracts, 2 seqs in corpus
[2026-01-02 19:52:51.29] [Worker 1] New coverage: 68179 instr, 59 contracts, 3 seqs in corpus
[2026-01-02 19:52:51.30]  Saved reproducer to echidna/coverage/5408803764277520747.txt
[2026-01-02 19:52:51.34] [Worker 2] New coverage: 68567 instr, 59 contracts, 4 seqs in corpus
[2026-01-02 19:52:51.34]  Saved reproducer to echidna/coverage/3356490176370289319.txt
[2026-01-02 19:52:51.39]  Saved reproducer to echidna/coverage/5477135505408598165.txt
[2026-01-02 19:52:51.43]  Saved reproducer to echidna/coverage/6811745825455926774.txt
[2026-01-02 19:52:51.45] [Worker 3] New coverage: 68710 instr, 59 contracts, 5 seqs in corpus
[2026-01-02 19:52:51.50]  Saved reproducer to echidna/coverage/5135327126527843143.txt
[2026-01-02 19:52:51.64] [Worker 3] New coverage: 68725 instr, 59 contracts, 6 seqs in corpus
[2026-01-02 19:52:51.69]  Saved reproducer to echidna/coverage/2923611438055136946.txt
[2026-01-02 19:52:51.84] [Worker 3] New coverage: 68766 instr, 59 contracts, 7 seqs in corpus
[2026-01-02 19:52:51.89]  Saved reproducer to echidna/coverage/6682843129737901144.txt
[2026-01-02 19:52:52.19] [Worker 3] New coverage: 81727 instr, 59 contracts, 8 seqs in corpus
[2026-01-02 19:52:52.20] [Worker 1] New coverage: 81754 instr, 59 contracts, 9 seqs in corpus
[2026-01-02 19:52:52.22] [Worker 0] New coverage: 81754 instr, 59 contracts, 10 seqs in corpus
[2026-01-02 19:52:52.24]  Saved reproducer to echidna/coverage/1078911181590616029.txt
[2026-01-02 19:52:52.29]  Saved reproducer to echidna/coverage/7490220100616626152.txt
[2026-01-02 19:52:52.35]  Saved reproducer to echidna/coverage/8809698919146245800.txt
[2026-01-02 19:52:52.51] [Worker 1] New coverage: 82934 instr, 59 contracts, 11 seqs in corpus
[2026-01-02 19:52:52.57]  Saved reproducer to echidna/coverage/8964658579973678736.txt
[2026-01-02 19:52:53.15] [Worker 2] New coverage: 89598 instr, 59 contracts, 12 seqs in corpus
[2026-01-02 19:52:53.20]  Saved reproducer to echidna/coverage/6174614486938530197.txt
[2026-01-02 19:52:53.21] [Worker 1] New coverage: 89605 instr, 59 contracts, 13 seqs in corpus
[2026-01-02 19:52:53.27]  Saved reproducer to echidna/coverage/6967261867415973570.txt
[2026-01-02 19:52:53.69] [Worker 1] New coverage: 94984 instr, 59 contracts, 14 seqs in corpus
[2026-01-02 19:52:53.72] [status] tests: 0/1, fuzzing: 4994/7766279631452241919, values: [], cov: 94984, corpus: 14
[2026-01-02 19:52:53.74]  Saved reproducer to echidna/coverage/754479714730056146.txt
[2026-01-02 19:52:53.89] [Worker 3] New coverage: 95185 instr, 59 contracts, 15 seqs in corpus
[2026-01-02 19:52:53.94]  Saved reproducer to echidna/coverage/4090874521201468195.txt
[2026-01-02 19:52:54.06] [Worker 3] New coverage: 95717 instr, 59 contracts, 16 seqs in corpus
[2026-01-02 19:52:54.12]  Saved reproducer to echidna/coverage/6450814134268516613.txt
[2026-01-02 19:52:54.42] [Worker 1] New coverage: 95987 instr, 59 contracts, 17 seqs in corpus
[2026-01-02 19:52:54.48]  Saved reproducer to echidna/coverage/3603008595657287036.txt
[2026-01-02 19:52:55.20] [Worker 1] New coverage: 96674 instr, 59 contracts, 18 seqs in corpus
[2026-01-02 19:52:55.26]  Saved reproducer to echidna/coverage/8246126709399510362.txt
[2026-01-02 19:52:55.42] [Worker 3] New coverage: 96987 instr, 59 contracts, 19 seqs in corpus
[2026-01-02 19:52:55.42] [Worker 1] New coverage: 96987 instr, 59 contracts, 20 seqs in corpus
[2026-01-02 19:52:55.48]  Saved reproducer to echidna/coverage/2309040375627916951.txt
[2026-01-02 19:52:55.53]  Saved reproducer to echidna/coverage/7656661516730205627.txt
[2026-01-02 19:52:56.08] [Worker 2] New coverage: 97093 instr, 59 contracts, 21 seqs in corpus
[2026-01-02 19:52:56.13]  Saved reproducer to echidna/coverage/40354824046159811.txt
[2026-01-02 19:52:56.13] [Worker 0] New coverage: 97093 instr, 59 contracts, 22 seqs in corpus
[2026-01-02 19:52:56.20]  Saved reproducer to echidna/coverage/2518700107590592916.txt
[2026-01-02 19:52:56.74] [status] tests: 0/1, fuzzing: 8215/7766279631452241919, values: [], cov: 97093, corpus: 22
[2026-01-02 19:52:57.06] [Worker 2] New coverage: 98027 instr, 59 contracts, 23 seqs in corpus
[2026-01-02 19:52:57.12]  Saved reproducer to echidna/coverage/772296142816609717.txt
[2026-01-02 19:52:57.79] [Worker 3] New coverage: 98043 instr, 59 contracts, 24 seqs in corpus
[2026-01-02 19:52:57.82]  Saved reproducer to echidna/coverage/4127764879914241646.txt
[2026-01-02 19:52:58.54] [Worker 2] New coverage: 98076 instr, 59 contracts, 25 seqs in corpus
[2026-01-02 19:52:58.60]  Saved reproducer to echidna/coverage/7608825045635585732.txt
[2026-01-02 19:52:59.09] [Worker 2] New coverage: 98580 instr, 59 contracts, 26 seqs in corpus
[2026-01-02 19:52:59.14]  Saved reproducer to echidna/coverage/8305721467737501798.txt
[2026-01-02 19:52:59.24] [Worker 3] New coverage: 98901 instr, 59 contracts, 27 seqs in corpus
[2026-01-02 19:52:59.30]  Saved reproducer to echidna/coverage/3023143907469364739.txt
[2026-01-02 19:52:59.44] [Worker 0] New coverage: 99118 instr, 59 contracts, 28 seqs in corpus
[2026-01-02 19:52:59.49]  Saved reproducer to echidna/coverage/8219570024974781010.txt
[2026-01-02 19:52:59.74] [status] tests: 0/1, fuzzing: 10988/7766279631452241919, values: [], cov: 99118, corpus: 28
[2026-01-02 19:52:59.90] [Worker 1] New coverage: 99118 instr, 59 contracts, 29 seqs in corpus
[2026-01-02 19:52:59.96]  Saved reproducer to echidna/coverage/6718176507502919668.txt
[2026-01-02 19:53:00.01] [Worker 3] New coverage: 99191 instr, 59 contracts, 30 seqs in corpus
[2026-01-02 19:53:00.09]  Saved reproducer to echidna/coverage/7136821581797705154.txt
[2026-01-02 19:53:00.79] [Worker 1] New coverage: 99439 instr, 59 contracts, 31 seqs in corpus
[2026-01-02 19:53:00.85]  Saved reproducer to echidna/coverage/824593702547924400.txt
[2026-01-02 19:53:01.28] [Worker 0] New coverage: 99777 instr, 59 contracts, 32 seqs in corpus
[2026-01-02 19:53:01.33]  Saved reproducer to echidna/coverage/6440372331413840922.txt
[2026-01-02 19:53:01.55] [Worker 2] New coverage: 99783 instr, 59 contracts, 33 seqs in corpus
[2026-01-02 19:53:01.61]  Saved reproducer to echidna/coverage/5800705983588572597.txt
[2026-01-02 19:53:02.75] [status] tests: 0/1, fuzzing: 13690/7766279631452241919, values: [], cov: 99783, corpus: 33
[2026-01-02 19:53:04.32] [Worker 1] New coverage: 99996 instr, 59 contracts, 34 seqs in corpus
[2026-01-02 19:53:04.38]  Saved reproducer to echidna/coverage/6847246210609463397.txt
[2026-01-02 19:53:04.80] [Worker 3] New coverage: 100032 instr, 59 contracts, 35 seqs in corpus
[2026-01-02 19:53:04.86]  Saved reproducer to echidna/coverage/4649067894427601292.txt
[2026-01-02 19:53:05.75] [status] tests: 0/1, fuzzing: 16236/7766279631452241919, values: [], cov: 100032, corpus: 35
[2026-01-02 19:53:05.89] [Worker 0] New coverage: 100282 instr, 59 contracts, 36 seqs in corpus
[2026-01-02 19:53:05.94]  Saved reproducer to echidna/coverage/1312059098265909093.txt
[2026-01-02 19:53:06.91] [Worker 0] New coverage: 100352 instr, 59 contracts, 37 seqs in corpus
[2026-01-02 19:53:06.97]  Saved reproducer to echidna/coverage/7111066267408315247.txt
[2026-01-02 19:53:08.20] [Worker 2] New coverage: 100757 instr, 59 contracts, 38 seqs in corpus
[2026-01-02 19:53:08.25]  Saved reproducer to echidna/coverage/6258366190018312487.txt
[2026-01-02 19:53:08.33] [Worker 3] New coverage: 100757 instr, 59 contracts, 39 seqs in corpus
[2026-01-02 19:53:08.39]  Saved reproducer to echidna/coverage/7094307847957876498.txt
[2026-01-02 19:53:08.75] [status] tests: 0/1, fuzzing: 18584/7766279631452241919, values: [], cov: 100922, corpus: 39
[2026-01-02 19:53:09.16] [Worker 0] New coverage: 100922 instr, 59 contracts, 40 seqs in corpus
[2026-01-02 19:53:09.23]  Saved reproducer to echidna/coverage/1185903996673361160.txt
[2026-01-02 19:53:11.76] [status] tests: 0/1, fuzzing: 20697/7766279631452241919, values: [], cov: 100922, corpus: 40
[2026-01-02 19:53:12.02] [Worker 1] New coverage: 100938 instr, 59 contracts, 41 seqs in corpus
[2026-01-02 19:53:12.07]  Saved reproducer to echidna/coverage/1702998481782547017.txt
[2026-01-02 19:53:12.93] [Worker 2] New coverage: 100953 instr, 59 contracts, 42 seqs in corpus
[2026-01-02 19:53:12.98]  Saved reproducer to echidna/coverage/8509362163773849556.txt
[2026-01-02 19:53:14.76] [status] tests: 0/1, fuzzing: 22751/7766279631452241919, values: [], cov: 100953, corpus: 42
[2026-01-02 19:53:15.35] [Worker 2] New coverage: 101070 instr, 59 contracts, 43 seqs in corpus
[2026-01-02 19:53:15.40]  Saved reproducer to echidna/coverage/1071737340940333425.txt
[2026-01-02 19:53:17.76] [status] tests: 0/1, fuzzing: 25384/7766279631452241919, values: [], cov: 101070, corpus: 43
[2026-01-02 19:53:18.97] [Worker 0] New coverage: 101689 instr, 59 contracts, 44 seqs in corpus
[2026-01-02 19:53:19.03]  Saved reproducer to echidna/coverage/1953589327799267382.txt
[2026-01-02 19:53:20.67] [Worker 2] New coverage: 101718 instr, 59 contracts, 45 seqs in corpus
[2026-01-02 19:53:20.74]  Saved reproducer to echidna/coverage/997571601191585451.txt
[2026-01-02 19:53:20.77] [status] tests: 0/1, fuzzing: 28365/7766279631452241919, values: [], cov: 101718, corpus: 45
[2026-01-02 19:53:22.14] [Worker 2] New coverage: 101718 instr, 59 contracts, 46 seqs in corpus
[2026-01-02 19:53:22.23]  Saved reproducer to echidna/coverage/8975026340285211826.txt
[2026-01-02 19:53:23.46] [Worker 3] New coverage: 101896 instr, 59 contracts, 47 seqs in corpus
[2026-01-02 19:53:23.53]  Saved reproducer to echidna/coverage/646102386023612057.txt
[2026-01-02 19:53:23.77] [status] tests: 0/1, fuzzing: 30991/7766279631452241919, values: [], cov: 101896, corpus: 47
[2026-01-02 19:53:24.57] [Worker 3] New coverage: 101993 instr, 59 contracts, 48 seqs in corpus
[2026-01-02 19:53:24.63]  Saved reproducer to echidna/coverage/6314841673609342302.txt
[2026-01-02 19:53:26.78] [status] tests: 0/1, fuzzing: 34053/7766279631452241919, values: [], cov: 101993, corpus: 48
[2026-01-02 19:53:27.36] [Worker 1] New coverage: 102020 instr, 59 contracts, 49 seqs in corpus
[2026-01-02 19:53:27.43]  Saved reproducer to echidna/coverage/3950291419904705848.txt
[2026-01-02 19:53:29.78] [status] tests: 0/1, fuzzing: 36344/7766279631452241919, values: [], cov: 102020, corpus: 49
[2026-01-02 19:53:32.79] [status] tests: 0/1, fuzzing: 39334/7766279631452241919, values: [], cov: 102020, corpus: 49
[2026-01-02 19:53:35.79] [status] tests: 0/1, fuzzing: 41448/7766279631452241919, values: [], cov: 102033, corpus: 49
[2026-01-02 19:53:35.98] [Worker 2] New coverage: 102033 instr, 59 contracts, 50 seqs in corpus
[2026-01-02 19:53:36.04]  Saved reproducer to echidna/coverage/6526306244509838943.txt
[2026-01-02 19:53:38.79] [status] tests: 0/1, fuzzing: 44074/7766279631452241919, values: [], cov: 102033, corpus: 50
[2026-01-02 19:53:41.80] [status] tests: 0/1, fuzzing: 46850/7766279631452241919, values: [], cov: 102033, corpus: 50
[2026-01-02 19:53:43.90] [Worker 3] New coverage: 102036 instr, 59 contracts, 51 seqs in corpus
[2026-01-02 19:53:43.94]  Saved reproducer to echidna/coverage/2398022810462951709.txt
[2026-01-02 19:53:44.80] [status] tests: 0/1, fuzzing: 49308/7766279631452241919, values: [], cov: 102036, corpus: 51
[2026-01-02 19:53:47.81] [status] tests: 0/1, fuzzing: 51885/7766279631452241919, values: [], cov: 102036, corpus: 51
[2026-01-02 19:53:50.81] [status] tests: 0/1, fuzzing: 54402/7766279631452241919, values: [], cov: 102036, corpus: 51
[2026-01-02 19:53:53.25] [Worker 3] New coverage: 102103 instr, 59 contracts, 52 seqs in corpus
[2026-01-02 19:53:53.31]  Saved reproducer to echidna/coverage/3989357702093054054.txt
[2026-01-02 19:53:53.82] [status] tests: 0/1, fuzzing: 56900/7766279631452241919, values: [], cov: 102103, corpus: 52
[2026-01-02 19:53:56.14] [Worker 1] New coverage: 102119 instr, 59 contracts, 53 seqs in corpus
[2026-01-02 19:53:56.18]  Saved reproducer to echidna/coverage/5637282851889595190.txt
[2026-01-02 19:53:56.82] [status] tests: 0/1, fuzzing: 60031/7766279631452241919, values: [], cov: 102119, corpus: 53
[2026-01-02 19:53:58.21] [Worker 1] New coverage: 102966 instr, 59 contracts, 54 seqs in corpus
[2026-01-02 19:53:58.26]  Saved reproducer to echidna/coverage/159070717392216055.txt
[2026-01-02 19:53:59.82] [status] tests: 0/1, fuzzing: 62722/7766279631452241919, values: [], cov: 102966, corpus: 54
[2026-01-02 19:54:02.83] [status] tests: 0/1, fuzzing: 65616/7766279631452241919, values: [], cov: 102966, corpus: 54
[2026-01-02 19:54:05.83] [status] tests: 0/1, fuzzing: 68434/7766279631452241919, values: [], cov: 102966, corpus: 54
[2026-01-02 19:54:08.83] [status] tests: 0/1, fuzzing: 70994/7766279631452241919, values: [], cov: 102966, corpus: 54
[2026-01-02 19:54:11.84] [status] tests: 0/1, fuzzing: 73297/7766279631452241919, values: [], cov: 102966, corpus: 54
[2026-01-02 19:54:13.66] [Worker 0] New coverage: 105917 instr, 59 contracts, 55 seqs in corpus
[2026-01-02 19:54:13.70]  Saved reproducer to echidna/coverage/7401439092361537771.txt
[2026-01-02 19:54:14.84] [status] tests: 0/1, fuzzing: 74913/7766279631452241919, values: [], cov: 105917, corpus: 55
[2026-01-02 19:54:16.90] [Worker 0] New coverage: 105959 instr, 59 contracts, 56 seqs in corpus
[2026-01-02 19:54:16.95]  Saved reproducer to echidna/coverage/1253904463205637390.txt
[2026-01-02 19:54:17.85] [status] tests: 0/1, fuzzing: 77215/7766279631452241919, values: [], cov: 105959, corpus: 56
[2026-01-02 19:54:20.85] [status] tests: 0/1, fuzzing: 79289/7766279631452241919, values: [], cov: 105959, corpus: 56
[2026-01-02 19:54:23.85] [status] tests: 0/1, fuzzing: 82112/7766279631452241919, values: [], cov: 105959, corpus: 56
[2026-01-02 19:54:26.86] [status] tests: 0/1, fuzzing: 84679/7766279631452241919, values: [], cov: 105959, corpus: 56
[2026-01-02 19:54:29.86] [status] tests: 0/1, fuzzing: 87380/7766279631452241919, values: [], cov: 105959, corpus: 56
[2026-01-02 19:54:32.40] [Worker 2] New coverage: 106065 instr, 59 contracts, 57 seqs in corpus
[2026-01-02 19:54:32.46]  Saved reproducer to echidna/coverage/3131269007468484270.txt
[2026-01-02 19:54:32.87] [status] tests: 0/1, fuzzing: 90302/7766279631452241919, values: [], cov: 106065, corpus: 57
[2026-01-02 19:54:35.87] [status] tests: 0/1, fuzzing: 92696/7766279631452241919, values: [], cov: 106065, corpus: 57
[2026-01-02 19:54:38.88] [status] tests: 0/1, fuzzing: 95543/7766279631452241919, values: [], cov: 106065, corpus: 57
[2026-01-02 19:54:40.35] [Worker 3] New coverage: 106255 instr, 59 contracts, 58 seqs in corpus
[2026-01-02 19:54:40.41]  Saved reproducer to echidna/coverage/6044305551371077525.txt
[2026-01-02 19:54:41.88] [status] tests: 0/1, fuzzing: 97816/7766279631452241919, values: [], cov: 106255, corpus: 58
[2026-01-02 19:54:43.12] [Worker 2] New coverage: 106270 instr, 59 contracts, 59 seqs in corpus
[2026-01-02 19:54:43.17]  Saved reproducer to echidna/coverage/6419922681706291204.txt
[2026-01-02 19:54:43.21] [Worker 0] New coverage: 106270 instr, 59 contracts, 60 seqs in corpus
[2026-01-02 19:54:43.27]  Saved reproducer to echidna/coverage/3302583273411722534.txt
[2026-01-02 19:54:44.88] [status] tests: 0/1, fuzzing: 100038/7766279631452241919, values: [], cov: 106270, corpus: 60
[2026-01-02 19:54:47.14] [Worker 2] New coverage: 106310 instr, 59 contracts, 61 seqs in corpus
[2026-01-02 19:54:47.20]  Saved reproducer to echidna/coverage/138499335130436767.txt
[2026-01-02 19:54:47.89] [status] tests: 0/1, fuzzing: 102524/7766279631452241919, values: [], cov: 106310, corpus: 61
[2026-01-02 19:54:50.89] [status] tests: 0/1, fuzzing: 104428/7766279631452241919, values: [], cov: 106310, corpus: 61
[2026-01-02 19:54:52.66] [Worker 2] New coverage: 106325 instr, 59 contracts, 62 seqs in corpus
[2026-01-02 19:54:52.71]  Saved reproducer to echidna/coverage/5659545676756920014.txt
[2026-01-02 19:54:53.10] [Worker 3] New coverage: 109459 instr, 59 contracts, 63 seqs in corpus
[2026-01-02 19:54:53.16]  Saved reproducer to echidna/coverage/9178936685775074625.txt
[2026-01-02 19:54:53.90] [status] tests: 0/1, fuzzing: 107008/7766279631452241919, values: [], cov: 109459, corpus: 63
[2026-01-02 19:54:56.17] [Worker 3] New coverage: 110013 instr, 59 contracts, 64 seqs in corpus
[2026-01-02 19:54:56.22]  Saved reproducer to echidna/coverage/4117408845878884602.txt
[2026-01-02 19:54:56.90] [status] tests: 0/1, fuzzing: 109826/7766279631452241919, values: [], cov: 110013, corpus: 64
[2026-01-02 19:54:59.91] [status] tests: 0/1, fuzzing: 111968/7766279631452241919, values: [], cov: 110013, corpus: 64
[2026-01-02 19:55:00.96] [Worker 0] New coverage: 110039 instr, 59 contracts, 65 seqs in corpus
[2026-01-02 19:55:01.01]  Saved reproducer to echidna/coverage/8519279292439931369.txt
[2026-01-02 19:55:02.26] [Worker 3] New coverage: 110148 instr, 59 contracts, 66 seqs in corpus
[2026-01-02 19:55:02.31]  Saved reproducer to echidna/coverage/7055892951062659586.txt
[2026-01-02 19:55:02.91] [status] tests: 0/1, fuzzing: 114082/7766279631452241919, values: [], cov: 110148, corpus: 66
[2026-01-02 19:55:05.91] [status] tests: 0/1, fuzzing: 116506/7766279631452241919, values: [], cov: 110148, corpus: 66
[2026-01-02 19:55:08.92] [status] tests: 0/1, fuzzing: 118925/7766279631452241919, values: [], cov: 110148, corpus: 66
[2026-01-02 19:55:11.92] [status] tests: 0/1, fuzzing: 122094/7766279631452241919, values: [], cov: 110148, corpus: 66
[2026-01-02 19:55:13.90] [Worker 1] New coverage: 111925 instr, 59 contracts, 67 seqs in corpus
[2026-01-02 19:55:13.95]  Saved reproducer to echidna/coverage/9128902228983981018.txt
[2026-01-02 19:55:14.92] [status] tests: 0/1, fuzzing: 124669/7766279631452241919, values: [], cov: 111925, corpus: 67
[2026-01-02 19:55:16.62] [Worker 1] New coverage: 111963 instr, 59 contracts, 68 seqs in corpus
[2026-01-02 19:55:16.70]  Saved reproducer to echidna/coverage/7785563700344120341.txt
[2026-01-02 19:55:17.93] [status] tests: 0/1, fuzzing: 126671/7766279631452241919, values: [], cov: 111963, corpus: 68
[2026-01-02 19:55:20.82] [Worker 2] New coverage: 112789 instr, 59 contracts, 69 seqs in corpus
[2026-01-02 19:55:20.88]  Saved reproducer to echidna/coverage/5652779548975198859.txt
[2026-01-02 19:55:20.93] [status] tests: 0/1, fuzzing: 129152/7766279631452241919, values: [], cov: 112789, corpus: 69
[2026-01-02 19:55:23.93] [status] tests: 0/1, fuzzing: 131948/7766279631452241919, values: [], cov: 112789, corpus: 69
[2026-01-02 19:55:26.94] [status] tests: 0/1, fuzzing: 134419/7766279631452241919, values: [], cov: 113047, corpus: 70
[2026-01-02 19:55:26.94] [Worker 2] New coverage: 113047 instr, 59 contracts, 70 seqs in corpus
[2026-01-02 19:55:26.99]  Saved reproducer to echidna/coverage/3126840808621868896.txt
[2026-01-02 19:55:29.94] [status] tests: 0/1, fuzzing: 136697/7766279631452241919, values: [], cov: 113047, corpus: 70
[2026-01-02 19:55:32.95] [status] tests: 0/1, fuzzing: 138818/7766279631452241919, values: [], cov: 113047, corpus: 70
[2026-01-02 19:55:35.95] [status] tests: 0/1, fuzzing: 140599/7766279631452241919, values: [], cov: 113047, corpus: 70
[2026-01-02 19:55:38.95] [status] tests: 0/1, fuzzing: 142808/7766279631452241919, values: [], cov: 113047, corpus: 70
[2026-01-02 19:55:41.96] [status] tests: 0/1, fuzzing: 145131/7766279631452241919, values: [], cov: 113047, corpus: 70
[2026-01-02 19:55:43.88] [Worker 0] New coverage: 113160 instr, 59 contracts, 71 seqs in corpus
[2026-01-02 19:55:43.92]  Saved reproducer to echidna/coverage/897142917622515337.txt
[2026-01-02 19:55:44.96] [status] tests: 0/1, fuzzing: 147353/7766279631452241919, values: [], cov: 113160, corpus: 71
[2026-01-02 19:55:47.97] [status] tests: 0/1, fuzzing: 149528/7766279631452241919, values: [], cov: 113160, corpus: 71
[2026-01-02 19:55:50.96] [Worker 3] New coverage: 113256 instr, 59 contracts, 72 seqs in corpus
[2026-01-02 19:55:50.97] [status] tests: 0/1, fuzzing: 151787/7766279631452241919, values: [], cov: 113256, corpus: 72
[2026-01-02 19:55:51.01]  Saved reproducer to echidna/coverage/7403958297991632512.txt
[2026-01-02 19:55:53.98] [status] tests: 0/1, fuzzing: 153859/7766279631452241919, values: [], cov: 113256, corpus: 72
[2026-01-02 19:55:56.98] [status] tests: 0/1, fuzzing: 156485/7766279631452241919, values: [], cov: 113256, corpus: 72
[2026-01-02 19:55:59.98] [status] tests: 0/1, fuzzing: 158820/7766279631452241919, values: [], cov: 113256, corpus: 72
[2026-01-02 19:56:02.86] [Worker 3] New coverage: 113264 instr, 59 contracts, 73 seqs in corpus
[2026-01-02 19:56:02.92]  Saved reproducer to echidna/coverage/5636852891097938820.txt
[2026-01-02 19:56:02.99] [status] tests: 0/1, fuzzing: 160932/7766279631452241919, values: [], cov: 113264, corpus: 73
[2026-01-02 19:56:05.99] [status] tests: 0/1, fuzzing: 163292/7766279631452241919, values: [], cov: 113264, corpus: 73
[2026-01-02 19:56:09.00] [status] tests: 0/1, fuzzing: 165840/7766279631452241919, values: [], cov: 113264, corpus: 73
[2026-01-02 19:56:12.00] [status] tests: 0/1, fuzzing: 168327/7766279631452241919, values: [], cov: 113264, corpus: 73
[2026-01-02 19:56:15.01] [status] tests: 0/1, fuzzing: 170598/7766279631452241919, values: [], cov: 113264, corpus: 73
[2026-01-02 19:56:18.01] [status] tests: 0/1, fuzzing: 173203/7766279631452241919, values: [], cov: 113264, corpus: 73
[2026-01-02 19:56:21.02] [status] tests: 0/1, fuzzing: 175571/7766279631452241919, values: [], cov: 113264, corpus: 73
[2026-01-02 19:56:24.02] [status] tests: 0/1, fuzzing: 177762/7766279631452241919, values: [], cov: 113264, corpus: 73
[2026-01-02 19:56:27.02] [status] tests: 0/1, fuzzing: 180159/7766279631452241919, values: [], cov: 113264, corpus: 73
[2026-01-02 19:56:27.65] [Worker 0] New coverage: 113275 instr, 59 contracts, 74 seqs in corpus
[2026-01-02 19:56:27.69]  Saved reproducer to echidna/coverage/1584392263455406147.txt
[2026-01-02 19:56:30.03] [status] tests: 0/1, fuzzing: 182522/7766279631452241919, values: [], cov: 113275, corpus: 74
[2026-01-02 19:56:33.03] [status] tests: 0/1, fuzzing: 185314/7766279631452241919, values: [], cov: 113275, corpus: 74
[2026-01-02 19:56:35.35] [Worker 3] New coverage: 113280 instr, 59 contracts, 75 seqs in corpus
[2026-01-02 19:56:35.41]  Saved reproducer to echidna/coverage/1166514532248266984.txt
[2026-01-02 19:56:36.04] [status] tests: 0/1, fuzzing: 187395/7766279631452241919, values: [], cov: 113280, corpus: 75
[2026-01-02 19:56:39.04] [status] tests: 0/1, fuzzing: 189598/7766279631452241919, values: [], cov: 113280, corpus: 75
[2026-01-02 19:56:42.05] [status] tests: 0/1, fuzzing: 191513/7766279631452241919, values: [], cov: 113280, corpus: 75
[2026-01-02 19:56:45.05] [status] tests: 0/1, fuzzing: 193659/7766279631452241919, values: [], cov: 113280, corpus: 75
[2026-01-02 19:56:48.06] [status] tests: 0/1, fuzzing: 195856/7766279631452241919, values: [], cov: 113280, corpus: 75
[2026-01-02 19:56:51.07] [status] tests: 0/1, fuzzing: 197936/7766279631452241919, values: [], cov: 113280, corpus: 75
[2026-01-02 19:56:54.07] [status] tests: 0/1, fuzzing: 199902/7766279631452241919, values: [], cov: 113280, corpus: 75
[2026-01-02 19:56:57.08] [status] tests: 0/1, fuzzing: 202260/7766279631452241919, values: [], cov: 113280, corpus: 75
[2026-01-02 19:57:00.08] [status] tests: 0/1, fuzzing: 204431/7766279631452241919, values: [], cov: 113280, corpus: 75
[2026-01-02 19:57:03.09] [status] tests: 0/1, fuzzing: 206651/7766279631452241919, values: [], cov: 113280, corpus: 75
[2026-01-02 19:57:06.09] [status] tests: 0/1, fuzzing: 208639/7766279631452241919, values: [], cov: 113280, corpus: 75
[2026-01-02 19:57:09.09] [status] tests: 0/1, fuzzing: 211057/7766279631452241919, values: [], cov: 113280, corpus: 75
[2026-01-02 19:57:10.64] [Worker 1] New coverage: 113287 instr, 59 contracts, 76 seqs in corpus
[2026-01-02 19:57:10.68]  Saved reproducer to echidna/coverage/857104106203809341.txt
[2026-01-02 19:57:12.10] [status] tests: 0/1, fuzzing: 213274/7766279631452241919, values: [], cov: 113287, corpus: 76
[2026-01-02 19:57:15.10] [status] tests: 0/1, fuzzing: 215869/7766279631452241919, values: [], cov: 113287, corpus: 76
[2026-01-02 19:57:18.10] [status] tests: 0/1, fuzzing: 218226/7766279631452241919, values: [], cov: 113303, corpus: 76
[2026-01-02 19:57:18.18] [Worker 2] New coverage: 113303 instr, 59 contracts, 77 seqs in corpus
[2026-01-02 19:57:18.24]  Saved reproducer to echidna/coverage/1448258525347528801.txt
[2026-01-02 19:57:21.11] [status] tests: 0/1, fuzzing: 220962/7766279631452241919, values: [], cov: 113303, corpus: 77
[2026-01-02 19:57:24.11] [status] tests: 0/1, fuzzing: 223461/7766279631452241919, values: [], cov: 113303, corpus: 77
[2026-01-02 19:57:25.25] [Worker 0] New coverage: 113987 instr, 59 contracts, 78 seqs in corpus
[2026-01-02 19:57:25.29]  Saved reproducer to echidna/coverage/5490718745915780107.txt
[2026-01-02 19:57:27.11] [status] tests: 0/1, fuzzing: 225607/7766279631452241919, values: [], cov: 113987, corpus: 78
[2026-01-02 19:57:30.12] [status] tests: 0/1, fuzzing: 228363/7766279631452241919, values: [], cov: 113987, corpus: 78
[2026-01-02 19:57:33.12] [status] tests: 0/1, fuzzing: 231160/7766279631452241919, values: [], cov: 113987, corpus: 78
[2026-01-02 19:57:36.12] [status] tests: 0/1, fuzzing: 233557/7766279631452241919, values: [], cov: 113987, corpus: 78
[2026-01-02 19:57:39.12] [status] tests: 0/1, fuzzing: 235344/7766279631452241919, values: [], cov: 113987, corpus: 78
[2026-01-02 19:57:42.13] [status] tests: 0/1, fuzzing: 237957/7766279631452241919, values: [], cov: 113987, corpus: 78
[2026-01-02 19:57:45.13] [status] tests: 0/1, fuzzing: 239884/7766279631452241919, values: [], cov: 113987, corpus: 78
[2026-01-02 19:57:48.14] [status] tests: 0/1, fuzzing: 242330/7766279631452241919, values: [], cov: 113987, corpus: 78
[2026-01-02 19:57:51.14] [status] tests: 0/1, fuzzing: 244715/7766279631452241919, values: [], cov: 113987, corpus: 78
[2026-01-02 19:57:54.14] [status] tests: 0/1, fuzzing: 246849/7766279631452241919, values: [], cov: 113987, corpus: 78
[2026-01-02 19:57:57.14] [status] tests: 0/1, fuzzing: 248766/7766279631452241919, values: [], cov: 113987, corpus: 78
[2026-01-02 19:58:00.15] [status] tests: 0/1, fuzzing: 251269/7766279631452241919, values: [], cov: 113987, corpus: 78
[2026-01-02 19:58:03.15] [status] tests: 0/1, fuzzing: 254295/7766279631452241919, values: [], cov: 113987, corpus: 78
[2026-01-02 19:58:06.16] [status] tests: 0/1, fuzzing: 256904/7766279631452241919, values: [], cov: 113987, corpus: 78
[2026-01-02 19:58:08.59] [Worker 3] New coverage: 113990 instr, 59 contracts, 79 seqs in corpus
[2026-01-02 19:58:08.65]  Saved reproducer to echidna/coverage/5121213604924259081.txt
[2026-01-02 19:58:09.16] [status] tests: 0/1, fuzzing: 259524/7766279631452241919, values: [], cov: 113990, corpus: 79
[2026-01-02 19:58:12.16] [status] tests: 0/1, fuzzing: 261667/7766279631452241919, values: [], cov: 113990, corpus: 79
[2026-01-02 19:58:15.17] [status] tests: 0/1, fuzzing: 264219/7766279631452241919, values: [], cov: 113990, corpus: 79
[2026-01-02 19:58:18.17] [status] tests: 0/1, fuzzing: 266615/7766279631452241919, values: [], cov: 113990, corpus: 79
[2026-01-02 19:58:21.17] [status] tests: 0/1, fuzzing: 268761/7766279631452241919, values: [], cov: 113990, corpus: 79
[2026-01-02 19:58:23.71] [Worker 0] New coverage: 113998 instr, 59 contracts, 80 seqs in corpus
[2026-01-02 19:58:23.76]  Saved reproducer to echidna/coverage/5745261157099761655.txt
[2026-01-02 19:58:24.18] [status] tests: 0/1, fuzzing: 271003/7766279631452241919, values: [], cov: 113998, corpus: 80
[2026-01-02 19:58:27.18] [status] tests: 0/1, fuzzing: 273427/7766279631452241919, values: [], cov: 113998, corpus: 80
[2026-01-02 19:58:29.69] [Worker 1] New coverage: 114012 instr, 59 contracts, 81 seqs in corpus
[2026-01-02 19:58:29.74]  Saved reproducer to echidna/coverage/2124088497646080794.txt
[2026-01-02 19:58:30.19] [status] tests: 0/1, fuzzing: 275554/7766279631452241919, values: [], cov: 114012, corpus: 81
[2026-01-02 19:58:33.19] [status] tests: 0/1, fuzzing: 278304/7766279631452241919, values: [], cov: 114012, corpus: 81
[2026-01-02 19:58:33.97] [Worker 1] New coverage: 114028 instr, 59 contracts, 82 seqs in corpus
[2026-01-02 19:58:34.03]  Saved reproducer to echidna/coverage/4881421812347011344.txt
[2026-01-02 19:58:36.20] [status] tests: 0/1, fuzzing: 280567/7766279631452241919, values: [], cov: 114028, corpus: 82
[2026-01-02 19:58:39.20] [status] tests: 0/1, fuzzing: 283146/7766279631452241919, values: [], cov: 114028, corpus: 82
[2026-01-02 19:58:42.20] [status] tests: 0/1, fuzzing: 285748/7766279631452241919, values: [], cov: 114028, corpus: 82
[2026-01-02 19:58:45.21] [status] tests: 0/1, fuzzing: 288195/7766279631452241919, values: [], cov: 114028, corpus: 82
[2026-01-02 19:58:48.21] [status] tests: 0/1, fuzzing: 290557/7766279631452241919, values: [], cov: 114028, corpus: 82
[2026-01-02 19:58:51.22] [status] tests: 0/1, fuzzing: 292857/7766279631452241919, values: [], cov: 114028, corpus: 82
[2026-01-02 19:58:54.22] [status] tests: 0/1, fuzzing: 294978/7766279631452241919, values: [], cov: 114028, corpus: 82
[2026-01-02 19:58:55.27] [Worker 3] New coverage: 114056 instr, 59 contracts, 83 seqs in corpus
[2026-01-02 19:58:55.32]  Saved reproducer to echidna/coverage/6849957783935319748.txt
[2026-01-02 19:58:57.22] [status] tests: 0/1, fuzzing: 297406/7766279631452241919, values: [], cov: 114056, corpus: 83
[2026-01-02 19:58:58.42] [Worker 2] New coverage: 114071 instr, 59 contracts, 84 seqs in corpus
[2026-01-02 19:58:58.47]  Saved reproducer to echidna/coverage/6979534733582416972.txt
[2026-01-02 19:59:00.23] [status] tests: 0/1, fuzzing: 300057/7766279631452241919, values: [], cov: 114071, corpus: 84
[2026-01-02 19:59:03.23] [status] tests: 0/1, fuzzing: 302480/7766279631452241919, values: [], cov: 114071, corpus: 84
[2026-01-02 19:59:06.24] [status] tests: 0/1, fuzzing: 305398/7766279631452241919, values: [], cov: 114071, corpus: 84
[2026-01-02 19:59:09.24] [status] tests: 0/1, fuzzing: 307978/7766279631452241919, values: [], cov: 114071, corpus: 84
[2026-01-02 19:59:12.24] [status] tests: 0/1, fuzzing: 310349/7766279631452241919, values: [], cov: 114071, corpus: 84
[2026-01-02 19:59:15.25] [status] tests: 0/1, fuzzing: 313318/7766279631452241919, values: [], cov: 114071, corpus: 84
[2026-01-02 19:59:18.25] [status] tests: 0/1, fuzzing: 315534/7766279631452241919, values: [], cov: 114071, corpus: 84
[2026-01-02 19:59:21.25] [status] tests: 0/1, fuzzing: 317998/7766279631452241919, values: [], cov: 114071, corpus: 84
[2026-01-02 19:59:24.26] [status] tests: 0/1, fuzzing: 320199/7766279631452241919, values: [], cov: 114071, corpus: 84
[2026-01-02 19:59:27.26] [status] tests: 0/1, fuzzing: 322453/7766279631452241919, values: [], cov: 114071, corpus: 84
[2026-01-02 19:59:30.26] [status] tests: 0/1, fuzzing: 324463/7766279631452241919, values: [], cov: 114071, corpus: 84
[2026-01-02 19:59:33.27] [status] tests: 0/1, fuzzing: 326746/7766279631452241919, values: [], cov: 114071, corpus: 84
[2026-01-02 19:59:36.28] [status] tests: 0/1, fuzzing: 329105/7766279631452241919, values: [], cov: 114071, corpus: 84
[2026-01-02 19:59:39.28] [status] tests: 0/1, fuzzing: 331431/7766279631452241919, values: [], cov: 114071, corpus: 84
[2026-01-02 19:59:42.28] [status] tests: 0/1, fuzzing: 333936/7766279631452241919, values: [], cov: 114071, corpus: 84
[2026-01-02 19:59:45.29] [status] tests: 0/1, fuzzing: 336297/7766279631452241919, values: [], cov: 114071, corpus: 84
[2026-01-02 19:59:48.29] [status] tests: 0/1, fuzzing: 338463/7766279631452241919, values: [], cov: 114071, corpus: 84
[2026-01-02 19:59:51.29] [status] tests: 0/1, fuzzing: 341018/7766279631452241919, values: [], cov: 114071, corpus: 84
[2026-01-02 19:59:54.30] [status] tests: 0/1, fuzzing: 343100/7766279631452241919, values: [], cov: 114071, corpus: 84
[2026-01-02 19:59:57.30] [status] tests: 0/1, fuzzing: 345047/7766279631452241919, values: [], cov: 114071, corpus: 84
[2026-01-02 20:00:00.30] [status] tests: 0/1, fuzzing: 347523/7766279631452241919, values: [], cov: 114071, corpus: 84
[2026-01-02 20:00:03.31] [status] tests: 0/1, fuzzing: 350401/7766279631452241919, values: [], cov: 114071, corpus: 84
[2026-01-02 20:00:06.31] [status] tests: 0/1, fuzzing: 353377/7766279631452241919, values: [], cov: 114071, corpus: 84
[2026-01-02 20:00:09.32] [status] tests: 0/1, fuzzing: 355556/7766279631452241919, values: [], cov: 114071, corpus: 84
[2026-01-02 20:00:12.32] [status] tests: 0/1, fuzzing: 358132/7766279631452241919, values: [], cov: 114071, corpus: 84
[2026-01-02 20:00:15.33] [status] tests: 0/1, fuzzing: 360156/7766279631452241919, values: [], cov: 114071, corpus: 84
[2026-01-02 20:00:18.33] [status] tests: 0/1, fuzzing: 362154/7766279631452241919, values: [], cov: 114071, corpus: 84
[2026-01-02 20:00:21.33] [status] tests: 0/1, fuzzing: 364881/7766279631452241919, values: [], cov: 114071, corpus: 84
[2026-01-02 20:00:24.35] [status] tests: 0/1, fuzzing: 367673/7766279631452241919, values: [], cov: 114071, corpus: 84
[2026-01-02 20:00:27.35] [status] tests: 0/1, fuzzing: 369963/7766279631452241919, values: [], cov: 114071, corpus: 84
[2026-01-02 20:00:28.63] [Worker 2] New coverage: 114112 instr, 59 contracts, 85 seqs in corpus
[2026-01-02 20:00:28.70]  Saved reproducer to echidna/coverage/2931516952405950447.txt
[2026-01-02 20:00:30.36] [status] tests: 0/1, fuzzing: 372583/7766279631452241919, values: [], cov: 114112, corpus: 85
[2026-01-02 20:00:33.36] [status] tests: 0/1, fuzzing: 374926/7766279631452241919, values: [], cov: 114112, corpus: 85
[2026-01-02 20:00:36.36] [status] tests: 0/1, fuzzing: 376977/7766279631452241919, values: [], cov: 114112, corpus: 85
[2026-01-02 20:00:39.37] [status] tests: 0/1, fuzzing: 379056/7766279631452241919, values: [], cov: 114112, corpus: 85
[2026-01-02 20:00:42.37] [status] tests: 0/1, fuzzing: 381789/7766279631452241919, values: [], cov: 114112, corpus: 85
[2026-01-02 20:00:45.38] [status] tests: 0/1, fuzzing: 384279/7766279631452241919, values: [], cov: 114112, corpus: 85
[2026-01-02 20:00:48.38] [status] tests: 0/1, fuzzing: 386501/7766279631452241919, values: [], cov: 114112, corpus: 85
[2026-01-02 20:00:51.38] [status] tests: 0/1, fuzzing: 388721/7766279631452241919, values: [], cov: 114112, corpus: 85
[2026-01-02 20:00:54.39] [status] tests: 0/1, fuzzing: 390818/7766279631452241919, values: [], cov: 114112, corpus: 85
[2026-01-02 20:00:56.06] [Worker 0] New coverage: 114117 instr, 59 contracts, 86 seqs in corpus
[2026-01-02 20:00:56.12]  Saved reproducer to echidna/coverage/1643863196364365106.txt
[2026-01-02 20:00:57.39] [status] tests: 0/1, fuzzing: 393299/7766279631452241919, values: [], cov: 114117, corpus: 86
[2026-01-02 20:01:00.40] [status] tests: 0/1, fuzzing: 395917/7766279631452241919, values: [], cov: 114117, corpus: 86
[2026-01-02 20:01:03.40] [status] tests: 0/1, fuzzing: 398388/7766279631452241919, values: [], cov: 114117, corpus: 86
[2026-01-02 20:01:06.40] [status] tests: 0/1, fuzzing: 401208/7766279631452241919, values: [], cov: 114117, corpus: 86
[2026-01-02 20:01:09.41] [status] tests: 0/1, fuzzing: 403796/7766279631452241919, values: [], cov: 114117, corpus: 86
[2026-01-02 20:01:12.41] [status] tests: 0/1, fuzzing: 405943/7766279631452241919, values: [], cov: 114117, corpus: 86
[2026-01-02 20:01:15.42] [status] tests: 0/1, fuzzing: 408429/7766279631452241919, values: [], cov: 114117, corpus: 86
[2026-01-02 20:01:18.42] [status] tests: 0/1, fuzzing: 411009/7766279631452241919, values: [], cov: 114117, corpus: 86
[2026-01-02 20:01:21.42] [status] tests: 0/1, fuzzing: 413046/7766279631452241919, values: [], cov: 114117, corpus: 86
[2026-01-02 20:01:24.43] [status] tests: 0/1, fuzzing: 416128/7766279631452241919, values: [], cov: 114117, corpus: 86
[2026-01-02 20:01:27.43] [status] tests: 0/1, fuzzing: 418249/7766279631452241919, values: [], cov: 114117, corpus: 86
[2026-01-02 20:01:30.44] [status] tests: 0/1, fuzzing: 420687/7766279631452241919, values: [], cov: 114117, corpus: 86
[2026-01-02 20:01:33.44] [status] tests: 0/1, fuzzing: 423072/7766279631452241919, values: [], cov: 114117, corpus: 86
[2026-01-02 20:01:35.62] [Worker 3] New coverage: 114117 instr, 59 contracts, 87 seqs in corpus
[2026-01-02 20:01:35.67]  Saved reproducer to echidna/coverage/846841806556900034.txt
[2026-01-02 20:01:36.44] [status] tests: 0/1, fuzzing: 425753/7766279631452241919, values: [], cov: 114117, corpus: 87
[2026-01-02 20:01:39.45] [status] tests: 0/1, fuzzing: 428326/7766279631452241919, values: [], cov: 114117, corpus: 87
[2026-01-02 20:01:42.45] [status] tests: 0/1, fuzzing: 431093/7766279631452241919, values: [], cov: 114117, corpus: 87
[2026-01-02 20:01:45.45] [status] tests: 0/1, fuzzing: 434131/7766279631452241919, values: [], cov: 114117, corpus: 87
[2026-01-02 20:01:48.45] [status] tests: 0/1, fuzzing: 437521/7766279631452241919, values: [], cov: 114117, corpus: 87
[2026-01-02 20:01:51.46] [status] tests: 0/1, fuzzing: 439903/7766279631452241919, values: [], cov: 114117, corpus: 87
[2026-01-02 20:01:54.46] [status] tests: 0/1, fuzzing: 442323/7766279631452241919, values: [], cov: 114117, corpus: 87
[2026-01-02 20:01:57.47] [status] tests: 0/1, fuzzing: 444991/7766279631452241919, values: [], cov: 114117, corpus: 87
[2026-01-02 20:02:00.47] [status] tests: 0/1, fuzzing: 447449/7766279631452241919, values: [], cov: 114117, corpus: 87
[2026-01-02 20:02:03.47] [status] tests: 0/1, fuzzing: 449974/7766279631452241919, values: [], cov: 114117, corpus: 87
[2026-01-02 20:02:06.48] [status] tests: 0/1, fuzzing: 452142/7766279631452241919, values: [], cov: 114117, corpus: 87
[2026-01-02 20:02:09.48] [status] tests: 0/1, fuzzing: 454904/7766279631452241919, values: [], cov: 114117, corpus: 87
[2026-01-02 20:02:12.50] [status] tests: 0/1, fuzzing: 457328/7766279631452241919, values: [], cov: 114117, corpus: 87
[2026-01-02 20:02:15.51] [status] tests: 0/1, fuzzing: 459982/7766279631452241919, values: [], cov: 114117, corpus: 87
[2026-01-02 20:02:18.51] [status] tests: 0/1, fuzzing: 462406/7766279631452241919, values: [], cov: 114117, corpus: 87
[2026-01-02 20:02:21.51] [status] tests: 0/1, fuzzing: 464867/7766279631452241919, values: [], cov: 114117, corpus: 87
[2026-01-02 20:02:24.52] [status] tests: 0/1, fuzzing: 467415/7766279631452241919, values: [], cov: 114117, corpus: 87
[2026-01-02 20:02:27.52] [status] tests: 0/1, fuzzing: 469617/7766279631452241919, values: [], cov: 114117, corpus: 87
[2026-01-02 20:02:30.52] [status] tests: 0/1, fuzzing: 472631/7766279631452241919, values: [], cov: 114117, corpus: 87
[2026-01-02 20:02:33.53] [status] tests: 0/1, fuzzing: 474885/7766279631452241919, values: [], cov: 114117, corpus: 87
[2026-01-02 20:02:36.53] [status] tests: 0/1, fuzzing: 477412/7766279631452241919, values: [], cov: 114117, corpus: 87
[2026-01-02 20:02:39.53] [status] tests: 0/1, fuzzing: 479560/7766279631452241919, values: [], cov: 114117, corpus: 87
[2026-01-02 20:02:42.54] [status] tests: 0/1, fuzzing: 481989/7766279631452241919, values: [], cov: 114117, corpus: 87
[2026-01-02 20:02:45.54] [status] tests: 0/1, fuzzing: 484732/7766279631452241919, values: [], cov: 114117, corpus: 87
[2026-01-02 20:02:48.54] [status] tests: 0/1, fuzzing: 486838/7766279631452241919, values: [], cov: 114117, corpus: 87
[2026-01-02 20:02:51.55] [status] tests: 0/1, fuzzing: 489349/7766279631452241919, values: [], cov: 114117, corpus: 87
[2026-01-02 20:02:54.55] [status] tests: 0/1, fuzzing: 491715/7766279631452241919, values: [], cov: 114117, corpus: 87
[2026-01-02 20:02:57.55] [status] tests: 0/1, fuzzing: 494315/7766279631452241919, values: [], cov: 114117, corpus: 87
[2026-01-02 20:03:00.56] [status] tests: 0/1, fuzzing: 496939/7766279631452241919, values: [], cov: 114117, corpus: 87
[2026-01-02 20:03:03.56] [status] tests: 0/1, fuzzing: 499626/7766279631452241919, values: [], cov: 114117, corpus: 87
[2026-01-02 20:03:06.56] [status] tests: 0/1, fuzzing: 502575/7766279631452241919, values: [], cov: 114117, corpus: 87
[2026-01-02 20:03:09.56] [status] tests: 0/1, fuzzing: 504898/7766279631452241919, values: [], cov: 114117, corpus: 87
[2026-01-02 20:03:12.57] [status] tests: 0/1, fuzzing: 507107/7766279631452241919, values: [], cov: 114117, corpus: 87
[2026-01-02 20:03:15.57] [status] tests: 0/1, fuzzing: 509411/7766279631452241919, values: [], cov: 114117, corpus: 87
[2026-01-02 20:03:17.46] [Worker 0] New coverage: 114121 instr, 59 contracts, 88 seqs in corpus
[2026-01-02 20:03:17.52]  Saved reproducer to echidna/coverage/3093929846583908843.txt
[2026-01-02 20:03:18.58] [status] tests: 0/1, fuzzing: 511764/7766279631452241919, values: [], cov: 114121, corpus: 88
[2026-01-02 20:03:21.58] [status] tests: 0/1, fuzzing: 514067/7766279631452241919, values: [], cov: 114121, corpus: 88
[2026-01-02 20:03:24.58] [status] tests: 0/1, fuzzing: 516817/7766279631452241919, values: [], cov: 114121, corpus: 88
[2026-01-02 20:03:27.59] [status] tests: 0/1, fuzzing: 519142/7766279631452241919, values: [], cov: 114121, corpus: 88
[2026-01-02 20:03:30.59] [status] tests: 0/1, fuzzing: 521476/7766279631452241919, values: [], cov: 114121, corpus: 88
[2026-01-02 20:03:33.59] [status] tests: 0/1, fuzzing: 523786/7766279631452241919, values: [], cov: 114121, corpus: 88
[2026-01-02 20:03:36.60] [status] tests: 0/1, fuzzing: 526181/7766279631452241919, values: [], cov: 114121, corpus: 88
[2026-01-02 20:03:38.00] [Worker 2] New coverage: 114177 instr, 59 contracts, 89 seqs in corpus
[2026-01-02 20:03:38.04]  Saved reproducer to echidna/coverage/6643254862220301574.txt
[2026-01-02 20:03:39.12] [Worker 3] New coverage: 114184 instr, 59 contracts, 90 seqs in corpus
[2026-01-02 20:03:39.17]  Saved reproducer to echidna/coverage/6097392067256511038.txt
[2026-01-02 20:03:39.60] [status] tests: 0/1, fuzzing: 528995/7766279631452241919, values: [], cov: 114184, corpus: 90
[2026-01-02 20:03:42.60] [status] tests: 0/1, fuzzing: 531396/7766279631452241919, values: [], cov: 114184, corpus: 90
[2026-01-02 20:03:45.61] [status] tests: 0/1, fuzzing: 533280/7766279631452241919, values: [], cov: 114184, corpus: 90
[2026-01-02 20:03:48.61] [status] tests: 0/1, fuzzing: 535668/7766279631452241919, values: [], cov: 114184, corpus: 90
[2026-01-02 20:03:51.62] [status] tests: 0/1, fuzzing: 537986/7766279631452241919, values: [], cov: 114184, corpus: 90
[2026-01-02 20:03:54.62] [status] tests: 0/1, fuzzing: 540291/7766279631452241919, values: [], cov: 114184, corpus: 90
[2026-01-02 20:03:57.62] [status] tests: 0/1, fuzzing: 542383/7766279631452241919, values: [], cov: 114184, corpus: 90
[2026-01-02 20:04:00.63] [status] tests: 0/1, fuzzing: 544570/7766279631452241919, values: [], cov: 114184, corpus: 90
[2026-01-02 20:04:03.63] [status] tests: 0/1, fuzzing: 546979/7766279631452241919, values: [], cov: 114184, corpus: 90
[2026-01-02 20:04:06.64] [status] tests: 0/1, fuzzing: 549047/7766279631452241919, values: [], cov: 114184, corpus: 90
[2026-01-02 20:04:09.64] [status] tests: 0/1, fuzzing: 550663/7766279631452241919, values: [], cov: 114184, corpus: 90
[2026-01-02 20:04:12.65] [status] tests: 0/1, fuzzing: 553179/7766279631452241919, values: [], cov: 114184, corpus: 90
[2026-01-02 20:04:15.65] [status] tests: 0/1, fuzzing: 555189/7766279631452241919, values: [], cov: 114184, corpus: 90
[2026-01-02 20:04:18.65] [status] tests: 0/1, fuzzing: 557641/7766279631452241919, values: [], cov: 114184, corpus: 90
[2026-01-02 20:04:21.66] [status] tests: 0/1, fuzzing: 560117/7766279631452241919, values: [], cov: 114184, corpus: 90
[2026-01-02 20:04:24.66] [status] tests: 0/1, fuzzing: 562491/7766279631452241919, values: [], cov: 114184, corpus: 90
[2026-01-02 20:04:27.66] [status] tests: 0/1, fuzzing: 564657/7766279631452241919, values: [], cov: 114184, corpus: 90
[2026-01-02 20:04:30.66] [status] tests: 0/1, fuzzing: 567285/7766279631452241919, values: [], cov: 114184, corpus: 90
[2026-01-02 20:04:33.67] [status] tests: 0/1, fuzzing: 569728/7766279631452241919, values: [], cov: 114184, corpus: 90
[2026-01-02 20:04:36.67] [status] tests: 0/1, fuzzing: 572185/7766279631452241919, values: [], cov: 114184, corpus: 90
[2026-01-02 20:04:39.68] [status] tests: 0/1, fuzzing: 574121/7766279631452241919, values: [], cov: 114184, corpus: 90
[2026-01-02 20:04:42.68] [status] tests: 0/1, fuzzing: 576337/7766279631452241919, values: [], cov: 114184, corpus: 90
[2026-01-02 20:04:45.68] [status] tests: 0/1, fuzzing: 578712/7766279631452241919, values: [], cov: 114184, corpus: 90
[2026-01-02 20:04:48.69] [status] tests: 0/1, fuzzing: 581700/7766279631452241919, values: [], cov: 114184, corpus: 90
[2026-01-02 20:04:51.69] [status] tests: 0/1, fuzzing: 584397/7766279631452241919, values: [], cov: 114184, corpus: 90
[2026-01-02 20:04:54.70] [status] tests: 0/1, fuzzing: 586605/7766279631452241919, values: [], cov: 114184, corpus: 90
[2026-01-02 20:04:56.61] [Worker 0] New coverage: 114214 instr, 59 contracts, 91 seqs in corpus
[2026-01-02 20:04:56.66]  Saved reproducer to echidna/coverage/4566276581134639250.txt
[2026-01-02 20:04:57.70] [status] tests: 0/1, fuzzing: 589028/7766279631452241919, values: [], cov: 114214, corpus: 91
[2026-01-02 20:05:00.70] [status] tests: 0/1, fuzzing: 591473/7766279631452241919, values: [], cov: 114214, corpus: 91
[2026-01-02 20:05:03.71] [status] tests: 0/1, fuzzing: 594153/7766279631452241919, values: [], cov: 114214, corpus: 91
[2026-01-02 20:05:06.71] [status] tests: 0/1, fuzzing: 596827/7766279631452241919, values: [], cov: 114214, corpus: 91
[2026-01-02 20:05:09.71] [status] tests: 0/1, fuzzing: 599150/7766279631452241919, values: [], cov: 114214, corpus: 91
[2026-01-02 20:05:12.72] [status] tests: 0/1, fuzzing: 601690/7766279631452241919, values: [], cov: 114214, corpus: 91
[2026-01-02 20:05:15.72] [status] tests: 0/1, fuzzing: 604819/7766279631452241919, values: [], cov: 114214, corpus: 91
[2026-01-02 20:05:18.72] [status] tests: 0/1, fuzzing: 607797/7766279631452241919, values: [], cov: 114214, corpus: 91
[2026-01-02 20:05:21.73] [status] tests: 0/1, fuzzing: 610060/7766279631452241919, values: [], cov: 114214, corpus: 91
[2026-01-02 20:05:24.73] [status] tests: 0/1, fuzzing: 612409/7766279631452241919, values: [], cov: 114214, corpus: 91
[2026-01-02 20:05:27.73] [status] tests: 0/1, fuzzing: 614790/7766279631452241919, values: [], cov: 114214, corpus: 91
[2026-01-02 20:05:30.74] [status] tests: 0/1, fuzzing: 616911/7766279631452241919, values: [], cov: 114214, corpus: 91
[2026-01-02 20:05:33.74] [status] tests: 0/1, fuzzing: 619537/7766279631452241919, values: [], cov: 114214, corpus: 91
[2026-01-02 20:05:36.75] [status] tests: 0/1, fuzzing: 621503/7766279631452241919, values: [], cov: 114214, corpus: 91
[2026-01-02 20:05:39.75] [status] tests: 0/1, fuzzing: 623628/7766279631452241919, values: [], cov: 114214, corpus: 91
[2026-01-02 20:05:42.75] [status] tests: 0/1, fuzzing: 625916/7766279631452241919, values: [], cov: 114214, corpus: 91
[2026-01-02 20:05:45.76] [status] tests: 0/1, fuzzing: 628029/7766279631452241919, values: [], cov: 114214, corpus: 91
[2026-01-02 20:05:48.76] [status] tests: 0/1, fuzzing: 630020/7766279631452241919, values: [], cov: 114214, corpus: 91
[2026-01-02 20:05:51.76] [status] tests: 0/1, fuzzing: 632393/7766279631452241919, values: [], cov: 114214, corpus: 91
[2026-01-02 20:05:54.76] [status] tests: 0/1, fuzzing: 634955/7766279631452241919, values: [], cov: 114214, corpus: 91
[2026-01-02 20:05:57.77] [status] tests: 0/1, fuzzing: 637056/7766279631452241919, values: [], cov: 114214, corpus: 91
[2026-01-02 20:06:00.77] [status] tests: 0/1, fuzzing: 639111/7766279631452241919, values: [], cov: 114214, corpus: 91
[2026-01-02 20:06:03.78] [status] tests: 0/1, fuzzing: 641621/7766279631452241919, values: [], cov: 114214, corpus: 91
[2026-01-02 20:06:06.78] [status] tests: 0/1, fuzzing: 643529/7766279631452241919, values: [], cov: 114214, corpus: 91
[2026-01-02 20:06:09.78] [status] tests: 0/1, fuzzing: 645521/7766279631452241919, values: [], cov: 114214, corpus: 91
[2026-01-02 20:06:12.79] [status] tests: 0/1, fuzzing: 648197/7766279631452241919, values: [], cov: 114214, corpus: 91
[2026-01-02 20:06:15.79] [status] tests: 0/1, fuzzing: 650754/7766279631452241919, values: [], cov: 114214, corpus: 91
[2026-01-02 20:06:18.79] [status] tests: 0/1, fuzzing: 652903/7766279631452241919, values: [], cov: 114214, corpus: 91
[2026-01-02 20:06:21.80] [status] tests: 0/1, fuzzing: 655320/7766279631452241919, values: [], cov: 114214, corpus: 91
[2026-01-02 20:06:24.80] [status] tests: 0/1, fuzzing: 657554/7766279631452241919, values: [], cov: 114214, corpus: 91
[2026-01-02 20:06:27.80] [status] tests: 0/1, fuzzing: 659776/7766279631452241919, values: [], cov: 114214, corpus: 91
[2026-01-02 20:06:30.81] [status] tests: 0/1, fuzzing: 661788/7766279631452241919, values: [], cov: 114214, corpus: 91
[2026-01-02 20:06:33.81] [status] tests: 0/1, fuzzing: 664676/7766279631452241919, values: [], cov: 114214, corpus: 91
[2026-01-02 20:06:36.82] [status] tests: 0/1, fuzzing: 666740/7766279631452241919, values: [], cov: 114214, corpus: 91
[2026-01-02 20:06:39.82] [status] tests: 0/1, fuzzing: 669564/7766279631452241919, values: [], cov: 114214, corpus: 91
[2026-01-02 20:06:40.24] [Worker 0] New coverage: 114217 instr, 59 contracts, 92 seqs in corpus
[2026-01-02 20:06:40.28]  Saved reproducer to echidna/coverage/8441941502637096723.txt
[2026-01-02 20:06:42.83] [status] tests: 0/1, fuzzing: 671940/7766279631452241919, values: [], cov: 114217, corpus: 92
[2026-01-02 20:06:45.83] [status] tests: 0/1, fuzzing: 674460/7766279631452241919, values: [], cov: 114217, corpus: 92
[2026-01-02 20:06:48.83] [status] tests: 0/1, fuzzing: 677254/7766279631452241919, values: [], cov: 114217, corpus: 92
[2026-01-02 20:06:51.84] [status] tests: 0/1, fuzzing: 679586/7766279631452241919, values: [], cov: 114217, corpus: 92
[2026-01-02 20:06:54.84] [status] tests: 0/1, fuzzing: 682184/7766279631452241919, values: [], cov: 114217, corpus: 92
[2026-01-02 20:06:57.84] [status] tests: 0/1, fuzzing: 684299/7766279631452241919, values: [], cov: 114217, corpus: 92
[2026-01-02 20:07:00.85] [status] tests: 0/1, fuzzing: 686862/7766279631452241919, values: [], cov: 114217, corpus: 92
[2026-01-02 20:07:03.85] [status] tests: 0/1, fuzzing: 689387/7766279631452241919, values: [], cov: 114217, corpus: 92
[2026-01-02 20:07:06.85] [status] tests: 0/1, fuzzing: 691525/7766279631452241919, values: [], cov: 114217, corpus: 92
[2026-01-02 20:07:09.86] [status] tests: 0/1, fuzzing: 694140/7766279631452241919, values: [], cov: 114217, corpus: 92
[2026-01-02 20:07:12.86] [status] tests: 0/1, fuzzing: 696610/7766279631452241919, values: [], cov: 114217, corpus: 92
[2026-01-02 20:07:15.87] [status] tests: 0/1, fuzzing: 699430/7766279631452241919, values: [], cov: 114217, corpus: 92
[2026-01-02 20:07:18.87] [status] tests: 0/1, fuzzing: 702047/7766279631452241919, values: [], cov: 114217, corpus: 92
[2026-01-02 20:07:21.88] [status] tests: 0/1, fuzzing: 704965/7766279631452241919, values: [], cov: 114217, corpus: 92
[2026-01-02 20:07:24.88] [status] tests: 0/1, fuzzing: 707369/7766279631452241919, values: [], cov: 114217, corpus: 92
[2026-01-02 20:07:27.88] [status] tests: 0/1, fuzzing: 709723/7766279631452241919, values: [], cov: 114217, corpus: 92
[2026-01-02 20:07:30.88] [status] tests: 0/1, fuzzing: 712046/7766279631452241919, values: [], cov: 114217, corpus: 92
[2026-01-02 20:07:33.89] [status] tests: 0/1, fuzzing: 714488/7766279631452241919, values: [], cov: 114217, corpus: 92
[2026-01-02 20:07:36.89] [status] tests: 0/1, fuzzing: 717290/7766279631452241919, values: [], cov: 114217, corpus: 92
[2026-01-02 20:07:39.90] [status] tests: 0/1, fuzzing: 719247/7766279631452241919, values: [], cov: 114217, corpus: 92
[2026-01-02 20:07:42.90] [status] tests: 0/1, fuzzing: 721398/7766279631452241919, values: [], cov: 114217, corpus: 92
[2026-01-02 20:07:45.90] [status] tests: 0/1, fuzzing: 723569/7766279631452241919, values: [], cov: 114217, corpus: 92
[2026-01-02 20:07:47.42] [Worker 1] New coverage: 114263 instr, 59 contracts, 93 seqs in corpus
[2026-01-02 20:07:47.47]  Saved reproducer to echidna/coverage/5917828916046049029.txt
[2026-01-02 20:07:48.90] [status] tests: 0/1, fuzzing: 725852/7766279631452241919, values: [], cov: 114263, corpus: 93
[2026-01-02 20:07:51.91] [status] tests: 0/1, fuzzing: 728132/7766279631452241919, values: [], cov: 114263, corpus: 93
[2026-01-02 20:07:54.91] [status] tests: 0/1, fuzzing: 730598/7766279631452241919, values: [], cov: 114263, corpus: 93
[2026-01-02 20:07:57.91] [status] tests: 0/1, fuzzing: 733176/7766279631452241919, values: [], cov: 114263, corpus: 93
[2026-01-02 20:08:00.92] [status] tests: 0/1, fuzzing: 735268/7766279631452241919, values: [], cov: 114263, corpus: 93
[2026-01-02 20:08:03.92] [status] tests: 0/1, fuzzing: 737729/7766279631452241919, values: [], cov: 114263, corpus: 93
[2026-01-02 20:08:06.93] [status] tests: 0/1, fuzzing: 739934/7766279631452241919, values: [], cov: 114263, corpus: 93
[2026-01-02 20:08:09.93] [status] tests: 0/1, fuzzing: 741805/7766279631452241919, values: [], cov: 114263, corpus: 93
[2026-01-02 20:08:12.94] [status] tests: 0/1, fuzzing: 743516/7766279631452241919, values: [], cov: 114263, corpus: 93
[2026-01-02 20:08:15.94] [status] tests: 0/1, fuzzing: 745873/7766279631452241919, values: [], cov: 114263, corpus: 93
[2026-01-02 20:08:18.94] [status] tests: 0/1, fuzzing: 748253/7766279631452241919, values: [], cov: 114263, corpus: 93
[2026-01-02 20:08:21.95] [status] tests: 0/1, fuzzing: 750273/7766279631452241919, values: [], cov: 114263, corpus: 93
[2026-01-02 20:08:24.95] [status] tests: 0/1, fuzzing: 752495/7766279631452241919, values: [], cov: 114263, corpus: 93
[2026-01-02 20:08:27.95] [status] tests: 0/1, fuzzing: 754525/7766279631452241919, values: [], cov: 114263, corpus: 93
[2026-01-02 20:08:30.96] [status] tests: 0/1, fuzzing: 756906/7766279631452241919, values: [], cov: 114263, corpus: 93
[2026-01-02 20:08:33.96] [status] tests: 0/1, fuzzing: 759668/7766279631452241919, values: [], cov: 114263, corpus: 93
[2026-01-02 20:08:36.97] [status] tests: 0/1, fuzzing: 762377/7766279631452241919, values: [], cov: 114263, corpus: 93
[2026-01-02 20:08:39.97] [status] tests: 0/1, fuzzing: 764822/7766279631452241919, values: [], cov: 114263, corpus: 93
[2026-01-02 20:08:42.98] [status] tests: 0/1, fuzzing: 767601/7766279631452241919, values: [], cov: 114263, corpus: 93
[2026-01-02 20:08:45.98] [status] tests: 0/1, fuzzing: 770243/7766279631452241919, values: [], cov: 114263, corpus: 93
[2026-01-02 20:08:48.98] [status] tests: 0/1, fuzzing: 772634/7766279631452241919, values: [], cov: 114263, corpus: 93
[2026-01-02 20:08:51.99] [status] tests: 0/1, fuzzing: 775545/7766279631452241919, values: [], cov: 114263, corpus: 93
[2026-01-02 20:08:54.99] [status] tests: 0/1, fuzzing: 777767/7766279631452241919, values: [], cov: 114263, corpus: 93
[2026-01-02 20:08:57.99] [status] tests: 0/1, fuzzing: 779660/7766279631452241919, values: [], cov: 114263, corpus: 93
[2026-01-02 20:09:00.99] [status] tests: 0/1, fuzzing: 781843/7766279631452241919, values: [], cov: 114263, corpus: 93
[2026-01-02 20:09:03.27] [Worker 1] New coverage: 115293 instr, 59 contracts, 94 seqs in corpus
[2026-01-02 20:09:03.33]  Saved reproducer to echidna/coverage/4282546282431207980.txt
[2026-01-02 20:09:04.00] [status] tests: 0/1, fuzzing: 784242/7766279631452241919, values: [], cov: 115293, corpus: 94
[2026-01-02 20:09:07.00] [status] tests: 0/1, fuzzing: 786455/7766279631452241919, values: [], cov: 115293, corpus: 94
[2026-01-02 20:09:10.01] [status] tests: 0/1, fuzzing: 788172/7766279631452241919, values: [], cov: 115293, corpus: 94
[2026-01-02 20:09:12.59] [Worker 1] New coverage: 115399 instr, 59 contracts, 95 seqs in corpus
[2026-01-02 20:09:12.65]  Saved reproducer to echidna/coverage/6723850449155969538.txt
[2026-01-02 20:09:13.01] [status] tests: 0/1, fuzzing: 790568/7766279631452241919, values: [], cov: 115399, corpus: 95
[2026-01-02 20:09:16.01] [status] tests: 0/1, fuzzing: 792588/7766279631452241919, values: [], cov: 115399, corpus: 95
[2026-01-02 20:09:19.02] [status] tests: 0/1, fuzzing: 795636/7766279631452241919, values: [], cov: 115399, corpus: 95
[2026-01-02 20:09:22.02] [status] tests: 0/1, fuzzing: 797687/7766279631452241919, values: [], cov: 115399, corpus: 95
[2026-01-02 20:09:25.03] [status] tests: 0/1, fuzzing: 800636/7766279631452241919, values: [], cov: 115399, corpus: 95
[2026-01-02 20:09:28.03] [status] tests: 0/1, fuzzing: 802921/7766279631452241919, values: [], cov: 115399, corpus: 95
[2026-01-02 20:09:31.03] [status] tests: 0/1, fuzzing: 805229/7766279631452241919, values: [], cov: 115399, corpus: 95
[2026-01-02 20:09:34.04] [status] tests: 0/1, fuzzing: 807245/7766279631452241919, values: [], cov: 115399, corpus: 95
[2026-01-02 20:09:37.04] [status] tests: 0/1, fuzzing: 809705/7766279631452241919, values: [], cov: 115399, corpus: 95
[2026-01-02 20:09:40.04] [status] tests: 0/1, fuzzing: 812164/7766279631452241919, values: [], cov: 115399, corpus: 95
[2026-01-02 20:09:43.04] [status] tests: 0/1, fuzzing: 814987/7766279631452241919, values: [], cov: 115399, corpus: 95
[2026-01-02 20:09:46.05] [status] tests: 0/1, fuzzing: 817277/7766279631452241919, values: [], cov: 115399, corpus: 95
[2026-01-02 20:09:49.05] [status] tests: 0/1, fuzzing: 819187/7766279631452241919, values: [], cov: 115399, corpus: 95
[2026-01-02 20:09:52.05] [status] tests: 0/1, fuzzing: 821308/7766279631452241919, values: [], cov: 115399, corpus: 95
[2026-01-02 20:09:55.06] [status] tests: 0/1, fuzzing: 823720/7766279631452241919, values: [], cov: 115399, corpus: 95
[2026-01-02 20:09:58.06] [status] tests: 0/1, fuzzing: 826077/7766279631452241919, values: [], cov: 115399, corpus: 95
[2026-01-02 20:10:01.06] [status] tests: 0/1, fuzzing: 828174/7766279631452241919, values: [], cov: 115399, corpus: 95
[2026-01-02 20:10:04.07] [status] tests: 0/1, fuzzing: 830699/7766279631452241919, values: [], cov: 115399, corpus: 95
[2026-01-02 20:10:07.07] [status] tests: 0/1, fuzzing: 833286/7766279631452241919, values: [], cov: 115399, corpus: 95
[2026-01-02 20:10:10.07] [status] tests: 0/1, fuzzing: 835710/7766279631452241919, values: [], cov: 115399, corpus: 95
[2026-01-02 20:10:13.07] [status] tests: 0/1, fuzzing: 837862/7766279631452241919, values: [], cov: 115399, corpus: 95
[2026-01-02 20:10:16.08] [status] tests: 0/1, fuzzing: 840531/7766279631452241919, values: [], cov: 115399, corpus: 95
[2026-01-02 20:10:19.08] [status] tests: 0/1, fuzzing: 842916/7766279631452241919, values: [], cov: 115399, corpus: 95
[2026-01-02 20:10:22.09] [status] tests: 0/1, fuzzing: 844763/7766279631452241919, values: [], cov: 115399, corpus: 95
[2026-01-02 20:10:25.09] [status] tests: 0/1, fuzzing: 846843/7766279631452241919, values: [], cov: 115399, corpus: 95
[2026-01-02 20:10:28.09] [status] tests: 0/1, fuzzing: 849133/7766279631452241919, values: [], cov: 115399, corpus: 95
[2026-01-02 20:10:31.10] [status] tests: 0/1, fuzzing: 851381/7766279631452241919, values: [], cov: 115399, corpus: 95
[2026-01-02 20:10:34.10] [status] tests: 0/1, fuzzing: 853864/7766279631452241919, values: [], cov: 115399, corpus: 95
[2026-01-02 20:10:37.10] [status] tests: 0/1, fuzzing: 855840/7766279631452241919, values: [], cov: 115399, corpus: 95
[2026-01-02 20:10:40.11] [status] tests: 0/1, fuzzing: 857939/7766279631452241919, values: [], cov: 115399, corpus: 95
[2026-01-02 20:10:43.11] [status] tests: 0/1, fuzzing: 860058/7766279631452241919, values: [], cov: 115399, corpus: 95
[2026-01-02 20:10:46.11] [status] tests: 0/1, fuzzing: 862482/7766279631452241919, values: [], cov: 115399, corpus: 95
[2026-01-02 20:10:49.12] [status] tests: 0/1, fuzzing: 864931/7766279631452241919, values: [], cov: 115399, corpus: 95
[2026-01-02 20:10:52.12] [status] tests: 0/1, fuzzing: 867395/7766279631452241919, values: [], cov: 115399, corpus: 95
[2026-01-02 20:10:55.12] [status] tests: 0/1, fuzzing: 869638/7766279631452241919, values: [], cov: 115399, corpus: 95
[2026-01-02 20:10:57.02] [Worker 2] New coverage: 115403 instr, 59 contracts, 96 seqs in corpus
[2026-01-02 20:10:57.09]  Saved reproducer to echidna/coverage/5749559843990760536.txt
[2026-01-02 20:10:58.13] [status] tests: 0/1, fuzzing: 872093/7766279631452241919, values: [], cov: 115403, corpus: 96
[2026-01-02 20:11:01.13] [status] tests: 0/1, fuzzing: 874538/7766279631452241919, values: [], cov: 115403, corpus: 96
[2026-01-02 20:11:04.13] [status] tests: 0/1, fuzzing: 876621/7766279631452241919, values: [], cov: 115403, corpus: 96
[2026-01-02 20:11:07.14] [status] tests: 0/1, fuzzing: 878823/7766279631452241919, values: [], cov: 115403, corpus: 96
[2026-01-02 20:11:10.14] [status] tests: 0/1, fuzzing: 881345/7766279631452241919, values: [], cov: 115403, corpus: 96
[2026-01-02 20:11:13.15] [status] tests: 0/1, fuzzing: 883681/7766279631452241919, values: [], cov: 115403, corpus: 96
[2026-01-02 20:11:16.15] [status] tests: 0/1, fuzzing: 886068/7766279631452241919, values: [], cov: 115403, corpus: 96
[2026-01-02 20:11:19.15] [status] tests: 0/1, fuzzing: 888479/7766279631452241919, values: [], cov: 115403, corpus: 96
[2026-01-02 20:11:22.16] [status] tests: 0/1, fuzzing: 891112/7766279631452241919, values: [], cov: 115403, corpus: 96
[2026-01-02 20:11:25.16] [status] tests: 0/1, fuzzing: 893376/7766279631452241919, values: [], cov: 115403, corpus: 96
[2026-01-02 20:11:28.16] [status] tests: 0/1, fuzzing: 895923/7766279631452241919, values: [], cov: 115403, corpus: 96
[2026-01-02 20:11:31.17] [status] tests: 0/1, fuzzing: 898059/7766279631452241919, values: [], cov: 115403, corpus: 96
[2026-01-02 20:11:34.17] [status] tests: 0/1, fuzzing: 900164/7766279631452241919, values: [], cov: 115403, corpus: 96
[2026-01-02 20:11:37.18] [status] tests: 0/1, fuzzing: 902352/7766279631452241919, values: [], cov: 115403, corpus: 96
[2026-01-02 20:11:40.18] [status] tests: 0/1, fuzzing: 904654/7766279631452241919, values: [], cov: 115403, corpus: 96
[2026-01-02 20:11:43.19] [status] tests: 0/1, fuzzing: 907230/7766279631452241919, values: [], cov: 115403, corpus: 96
[2026-01-02 20:11:46.19] [status] tests: 0/1, fuzzing: 909732/7766279631452241919, values: [], cov: 115403, corpus: 96
[2026-01-02 20:11:49.19] [status] tests: 0/1, fuzzing: 911725/7766279631452241919, values: [], cov: 115403, corpus: 96
[2026-01-02 20:11:52.20] [status] tests: 0/1, fuzzing: 914337/7766279631452241919, values: [], cov: 115403, corpus: 96
[2026-01-02 20:11:55.20] [status] tests: 0/1, fuzzing: 916707/7766279631452241919, values: [], cov: 115403, corpus: 96
[2026-01-02 20:11:58.21] [status] tests: 0/1, fuzzing: 919386/7766279631452241919, values: [], cov: 115403, corpus: 96
[2026-01-02 20:12:01.22] [status] tests: 0/1, fuzzing: 921256/7766279631452241919, values: [], cov: 115403, corpus: 96
[2026-01-02 20:12:04.22] [status] tests: 0/1, fuzzing: 923999/7766279631452241919, values: [], cov: 115403, corpus: 96
[2026-01-02 20:12:07.22] [status] tests: 0/1, fuzzing: 925950/7766279631452241919, values: [], cov: 115403, corpus: 96
[2026-01-02 20:12:07.55] [Worker 0] New coverage: 115646 instr, 59 contracts, 97 seqs in corpus
[2026-01-02 20:12:07.60]  Saved reproducer to echidna/coverage/1707132852099978904.txt
[2026-01-02 20:12:10.23] [status] tests: 0/1, fuzzing: 928565/7766279631452241919, values: [], cov: 115646, corpus: 97
[2026-01-02 20:12:13.23] [status] tests: 0/1, fuzzing: 930735/7766279631452241919, values: [], cov: 115646, corpus: 97
[2026-01-02 20:12:16.23] [status] tests: 0/1, fuzzing: 932706/7766279631452241919, values: [], cov: 115646, corpus: 97
[2026-01-02 20:12:19.24] [status] tests: 0/1, fuzzing: 934989/7766279631452241919, values: [], cov: 115646, corpus: 97
[2026-01-02 20:12:22.24] [status] tests: 0/1, fuzzing: 937797/7766279631452241919, values: [], cov: 115646, corpus: 97
[2026-01-02 20:12:25.25] [status] tests: 0/1, fuzzing: 939817/7766279631452241919, values: [], cov: 115646, corpus: 97
[2026-01-02 20:12:28.25] [status] tests: 0/1, fuzzing: 942162/7766279631452241919, values: [], cov: 115646, corpus: 97
[2026-01-02 20:12:31.26] [status] tests: 0/1, fuzzing: 944708/7766279631452241919, values: [], cov: 115646, corpus: 97
[2026-01-02 20:12:34.26] [status] tests: 0/1, fuzzing: 946721/7766279631452241919, values: [], cov: 115646, corpus: 97
[2026-01-02 20:12:37.27] [status] tests: 0/1, fuzzing: 949178/7766279631452241919, values: [], cov: 115646, corpus: 97
[2026-01-02 20:12:40.27] [status] tests: 0/1, fuzzing: 951198/7766279631452241919, values: [], cov: 115646, corpus: 97
[2026-01-02 20:12:43.28] [status] tests: 0/1, fuzzing: 953361/7766279631452241919, values: [], cov: 115646, corpus: 97
[2026-01-02 20:12:46.28] [status] tests: 0/1, fuzzing: 955560/7766279631452241919, values: [], cov: 115646, corpus: 97
[2026-01-02 20:12:49.28] [status] tests: 0/1, fuzzing: 957873/7766279631452241919, values: [], cov: 115646, corpus: 97
[2026-01-02 20:12:52.29] [status] tests: 0/1, fuzzing: 960174/7766279631452241919, values: [], cov: 115646, corpus: 97
[2026-01-02 20:12:55.31] [status] tests: 0/1, fuzzing: 962411/7766279631452241919, values: [], cov: 115646, corpus: 97
[2026-01-02 20:12:58.32] [status] tests: 0/1, fuzzing: 964835/7766279631452241919, values: [], cov: 115646, corpus: 97
[2026-01-02 20:13:01.32] [status] tests: 0/1, fuzzing: 967590/7766279631452241919, values: [], cov: 115646, corpus: 97
[2026-01-02 20:13:04.33] [status] tests: 0/1, fuzzing: 970150/7766279631452241919, values: [], cov: 115646, corpus: 97
[2026-01-02 20:13:07.33] [status] tests: 0/1, fuzzing: 972854/7766279631452241919, values: [], cov: 115646, corpus: 97
[2026-01-02 20:13:10.33] [status] tests: 0/1, fuzzing: 975225/7766279631452241919, values: [], cov: 115646, corpus: 97
[2026-01-02 20:13:13.34] [status] tests: 0/1, fuzzing: 977660/7766279631452241919, values: [], cov: 115646, corpus: 97
[2026-01-02 20:13:16.34] [status] tests: 0/1, fuzzing: 980126/7766279631452241919, values: [], cov: 115646, corpus: 97
[2026-01-02 20:13:19.34] [status] tests: 0/1, fuzzing: 982480/7766279631452241919, values: [], cov: 115646, corpus: 97
[2026-01-02 20:13:22.35] [status] tests: 0/1, fuzzing: 984862/7766279631452241919, values: [], cov: 115646, corpus: 97
[2026-01-02 20:13:25.35] [status] tests: 0/1, fuzzing: 986983/7766279631452241919, values: [], cov: 115646, corpus: 97
[2026-01-02 20:13:28.36] [status] tests: 0/1, fuzzing: 989139/7766279631452241919, values: [], cov: 115646, corpus: 97
[2026-01-02 20:13:31.36] [status] tests: 0/1, fuzzing: 991849/7766279631452241919, values: [], cov: 115646, corpus: 97
[2026-01-02 20:13:34.37] [status] tests: 0/1, fuzzing: 994259/7766279631452241919, values: [], cov: 115646, corpus: 97
[2026-01-02 20:13:37.37] [status] tests: 0/1, fuzzing: 996762/7766279631452241919, values: [], cov: 115646, corpus: 97
[2026-01-02 20:13:40.38] [status] tests: 0/1, fuzzing: 999149/7766279631452241919, values: [], cov: 115646, corpus: 97
[2026-01-02 20:13:43.38] [status] tests: 0/1, fuzzing: 1001446/7766279631452241919, values: [], cov: 115646, corpus: 97
[2026-01-02 20:13:46.39] [status] tests: 0/1, fuzzing: 1003870/7766279631452241919, values: [], cov: 115646, corpus: 97
[2026-01-02 20:13:49.39] [status] tests: 0/1, fuzzing: 1006425/7766279631452241919, values: [], cov: 115646, corpus: 97
[2026-01-02 20:13:52.39] [status] tests: 0/1, fuzzing: 1008600/7766279631452241919, values: [], cov: 115646, corpus: 97
[2026-01-02 20:13:55.40] [status] tests: 0/1, fuzzing: 1010443/7766279631452241919, values: [], cov: 115646, corpus: 97
[2026-01-02 20:13:58.41] [status] tests: 0/1, fuzzing: 1013138/7766279631452241919, values: [], cov: 115646, corpus: 97
[2026-01-02 20:14:01.41] [status] tests: 0/1, fuzzing: 1015360/7766279631452241919, values: [], cov: 115646, corpus: 97
[2026-01-02 20:14:04.41] [status] tests: 0/1, fuzzing: 1018211/7766279631452241919, values: [], cov: 115646, corpus: 97
[2026-01-02 20:14:07.42] [status] tests: 0/1, fuzzing: 1020703/7766279631452241919, values: [], cov: 115646, corpus: 97
[2026-01-02 20:14:10.42] [status] tests: 0/1, fuzzing: 1023555/7766279631452241919, values: [], cov: 115646, corpus: 97
[2026-01-02 20:14:13.42] [status] tests: 0/1, fuzzing: 1025871/7766279631452241919, values: [], cov: 115646, corpus: 97
[2026-01-02 20:14:16.43] [status] tests: 0/1, fuzzing: 1028396/7766279631452241919, values: [], cov: 115646, corpus: 97
[2026-01-02 20:14:19.43] [status] tests: 0/1, fuzzing: 1030572/7766279631452241919, values: [], cov: 115646, corpus: 97
[2026-01-02 20:14:22.44] [status] tests: 0/1, fuzzing: 1032647/7766279631452241919, values: [], cov: 115646, corpus: 97
[2026-01-02 20:14:25.44] [status] tests: 0/1, fuzzing: 1034835/7766279631452241919, values: [], cov: 115646, corpus: 97
[2026-01-02 20:14:28.45] [status] tests: 0/1, fuzzing: 1037013/7766279631452241919, values: [], cov: 115646, corpus: 97
[2026-01-02 20:14:31.45] [status] tests: 0/1, fuzzing: 1039794/7766279631452241919, values: [], cov: 115646, corpus: 97
[2026-01-02 20:14:34.45] [status] tests: 0/1, fuzzing: 1042172/7766279631452241919, values: [], cov: 115646, corpus: 97
[2026-01-02 20:14:37.46] [status] tests: 0/1, fuzzing: 1044304/7766279631452241919, values: [], cov: 115646, corpus: 97
[2026-01-02 20:14:40.46] [status] tests: 0/1, fuzzing: 1046777/7766279631452241919, values: [], cov: 115646, corpus: 97
[2026-01-02 20:14:43.47] [status] tests: 0/1, fuzzing: 1048852/7766279631452241919, values: [], cov: 115646, corpus: 97
[2026-01-02 20:14:46.47] [status] tests: 0/1, fuzzing: 1050812/7766279631452241919, values: [], cov: 115646, corpus: 97
[2026-01-02 20:14:49.47] [status] tests: 0/1, fuzzing: 1053809/7766279631452241919, values: [], cov: 115646, corpus: 97
[2026-01-02 20:14:52.48] [status] tests: 0/1, fuzzing: 1056694/7766279631452241919, values: [], cov: 115646, corpus: 97
[2026-01-02 20:14:55.48] [status] tests: 0/1, fuzzing: 1059400/7766279631452241919, values: [], cov: 115646, corpus: 97
[2026-01-02 20:14:58.49] [status] tests: 0/1, fuzzing: 1061691/7766279631452241919, values: [], cov: 115646, corpus: 97
[2026-01-02 20:15:01.49] [status] tests: 0/1, fuzzing: 1064286/7766279631452241919, values: [], cov: 115646, corpus: 97
[2026-01-02 20:15:04.50] [status] tests: 0/1, fuzzing: 1066333/7766279631452241919, values: [], cov: 115646, corpus: 97
[2026-01-02 20:15:07.50] [status] tests: 0/1, fuzzing: 1068973/7766279631452241919, values: [], cov: 115646, corpus: 97
[2026-01-02 20:15:10.51] [status] tests: 0/1, fuzzing: 1071452/7766279631452241919, values: [], cov: 115646, corpus: 97
[2026-01-02 20:15:13.51] [status] tests: 0/1, fuzzing: 1073622/7766279631452241919, values: [], cov: 115646, corpus: 97
[2026-01-02 20:15:16.51] [status] tests: 0/1, fuzzing: 1076212/7766279631452241919, values: [], cov: 115646, corpus: 97
[2026-01-02 20:15:19.52] [status] tests: 0/1, fuzzing: 1078749/7766279631452241919, values: [], cov: 115646, corpus: 97
[2026-01-02 20:15:22.52] [status] tests: 0/1, fuzzing: 1081452/7766279631452241919, values: [], cov: 115646, corpus: 97
[2026-01-02 20:15:25.53] [status] tests: 0/1, fuzzing: 1084505/7766279631452241919, values: [], cov: 115646, corpus: 97
[2026-01-02 20:15:28.53] [status] tests: 0/1, fuzzing: 1087167/7766279631452241919, values: [], cov: 115646, corpus: 97
[2026-01-02 20:15:31.53] [status] tests: 0/1, fuzzing: 1089607/7766279631452241919, values: [], cov: 115646, corpus: 97
[2026-01-02 20:15:34.54] [status] tests: 0/1, fuzzing: 1092568/7766279631452241919, values: [], cov: 115646, corpus: 97
[2026-01-02 20:15:37.54] [status] tests: 0/1, fuzzing: 1094865/7766279631452241919, values: [], cov: 115646, corpus: 97
[2026-01-02 20:15:40.55] [status] tests: 0/1, fuzzing: 1097360/7766279631452241919, values: [], cov: 115646, corpus: 97
[2026-01-02 20:15:43.55] [status] tests: 0/1, fuzzing: 1099806/7766279631452241919, values: [], cov: 115646, corpus: 97
[2026-01-02 20:15:46.56] [status] tests: 0/1, fuzzing: 1101983/7766279631452241919, values: [], cov: 115646, corpus: 97
[2026-01-02 20:15:49.56] [status] tests: 0/1, fuzzing: 1104726/7766279631452241919, values: [], cov: 115646, corpus: 97
[2026-01-02 20:15:52.57] [status] tests: 0/1, fuzzing: 1106879/7766279631452241919, values: [], cov: 115646, corpus: 97
[2026-01-02 20:15:55.57] [status] tests: 0/1, fuzzing: 1109325/7766279631452241919, values: [], cov: 115646, corpus: 97
[2026-01-02 20:15:58.57] [status] tests: 0/1, fuzzing: 1111617/7766279631452241919, values: [], cov: 115646, corpus: 97
[2026-01-02 20:16:01.58] [status] tests: 0/1, fuzzing: 1113760/7766279631452241919, values: [], cov: 115646, corpus: 97
[2026-01-02 20:16:04.58] [status] tests: 0/1, fuzzing: 1115962/7766279631452241919, values: [], cov: 115646, corpus: 97
[2026-01-02 20:16:07.58] [status] tests: 0/1, fuzzing: 1118487/7766279631452241919, values: [], cov: 115646, corpus: 97
[2026-01-02 20:16:10.59] [status] tests: 0/1, fuzzing: 1121952/7766279631452241919, values: [], cov: 115646, corpus: 97
[2026-01-02 20:16:13.59] [status] tests: 0/1, fuzzing: 1124377/7766279631452241919, values: [], cov: 115646, corpus: 97
[2026-01-02 20:16:16.60] [status] tests: 0/1, fuzzing: 1126685/7766279631452241919, values: [], cov: 115646, corpus: 97
[2026-01-02 20:16:19.60] [status] tests: 0/1, fuzzing: 1129484/7766279631452241919, values: [], cov: 115646, corpus: 97
[2026-01-02 20:16:22.60] [status] tests: 0/1, fuzzing: 1132391/7766279631452241919, values: [], cov: 115646, corpus: 97
[2026-01-02 20:16:25.61] [status] tests: 0/1, fuzzing: 1135224/7766279631452241919, values: [], cov: 115646, corpus: 97
[2026-01-02 20:16:28.61] [status] tests: 0/1, fuzzing: 1137554/7766279631452241919, values: [], cov: 115646, corpus: 97
[2026-01-02 20:16:31.62] [status] tests: 0/1, fuzzing: 1139583/7766279631452241919, values: [], cov: 115646, corpus: 97
[2026-01-02 20:16:34.62] [status] tests: 0/1, fuzzing: 1141527/7766279631452241919, values: [], cov: 115646, corpus: 97
[2026-01-02 20:16:37.62] [status] tests: 0/1, fuzzing: 1144126/7766279631452241919, values: [], cov: 115646, corpus: 97
[2026-01-02 20:16:40.63] [status] tests: 0/1, fuzzing: 1146574/7766279631452241919, values: [], cov: 115646, corpus: 97
[2026-01-02 20:16:43.63] [status] tests: 0/1, fuzzing: 1148539/7766279631452241919, values: [], cov: 115646, corpus: 97
[2026-01-02 20:16:46.64] [status] tests: 0/1, fuzzing: 1150862/7766279631452241919, values: [], cov: 115646, corpus: 97
[2026-01-02 20:16:49.64] [status] tests: 0/1, fuzzing: 1153048/7766279631452241919, values: [], cov: 115646, corpus: 97
[2026-01-02 20:16:52.65] [status] tests: 0/1, fuzzing: 1155516/7766279631452241919, values: [], cov: 115646, corpus: 97
[2026-01-02 20:16:55.65] [status] tests: 0/1, fuzzing: 1157083/7766279631452241919, values: [], cov: 115646, corpus: 97
[2026-01-02 20:16:58.65] [status] tests: 0/1, fuzzing: 1159705/7766279631452241919, values: [], cov: 115646, corpus: 97
[2026-01-02 20:17:01.66] [status] tests: 0/1, fuzzing: 1161944/7766279631452241919, values: [], cov: 115646, corpus: 97
[2026-01-02 20:17:04.66] [status] tests: 0/1, fuzzing: 1164241/7766279631452241919, values: [], cov: 115646, corpus: 97
[2026-01-02 20:17:07.67] [status] tests: 0/1, fuzzing: 1167166/7766279631452241919, values: [], cov: 115646, corpus: 97
[2026-01-02 20:17:10.67] [status] tests: 0/1, fuzzing: 1169223/7766279631452241919, values: [], cov: 115646, corpus: 97
[2026-01-02 20:17:13.68] [status] tests: 0/1, fuzzing: 1171690/7766279631452241919, values: [], cov: 115646, corpus: 97
[2026-01-02 20:17:16.68] [status] tests: 0/1, fuzzing: 1174183/7766279631452241919, values: [], cov: 115646, corpus: 97
[2026-01-02 20:17:19.68] [status] tests: 0/1, fuzzing: 1176757/7766279631452241919, values: [], cov: 115646, corpus: 97
[2026-01-02 20:17:22.69] [status] tests: 0/1, fuzzing: 1179129/7766279631452241919, values: [], cov: 115646, corpus: 97
[2026-01-02 20:17:25.69] [status] tests: 0/1, fuzzing: 1181915/7766279631452241919, values: [], cov: 115646, corpus: 97
[2026-01-02 20:17:28.70] [status] tests: 0/1, fuzzing: 1184025/7766279631452241919, values: [], cov: 115646, corpus: 97
[2026-01-02 20:17:31.70] [status] tests: 0/1, fuzzing: 1186348/7766279631452241919, values: [], cov: 115646, corpus: 97
[2026-01-02 20:17:34.71] [status] tests: 0/1, fuzzing: 1188721/7766279631452241919, values: [], cov: 115646, corpus: 97
[2026-01-02 20:17:37.71] [status] tests: 0/1, fuzzing: 1190860/7766279631452241919, values: [], cov: 115646, corpus: 97
[2026-01-02 20:17:40.72] [status] tests: 0/1, fuzzing: 1193165/7766279631452241919, values: [], cov: 115646, corpus: 97
[2026-01-02 20:17:43.72] [status] tests: 0/1, fuzzing: 1195348/7766279631452241919, values: [], cov: 115646, corpus: 97
[2026-01-02 20:17:46.72] [status] tests: 0/1, fuzzing: 1197912/7766279631452241919, values: [], cov: 115646, corpus: 97
[2026-01-02 20:17:49.73] [status] tests: 0/1, fuzzing: 1199763/7766279631452241919, values: [], cov: 115646, corpus: 97
[2026-01-02 20:17:52.73] [status] tests: 0/1, fuzzing: 1202450/7766279631452241919, values: [], cov: 115646, corpus: 97
[2026-01-02 20:17:55.74] [status] tests: 0/1, fuzzing: 1205034/7766279631452241919, values: [], cov: 115646, corpus: 97
[2026-01-02 20:17:58.74] [status] tests: 0/1, fuzzing: 1207718/7766279631452241919, values: [], cov: 115646, corpus: 97
[2026-01-02 20:18:01.74] [status] tests: 0/1, fuzzing: 1210251/7766279631452241919, values: [], cov: 115646, corpus: 97
[2026-01-02 20:18:04.75] [status] tests: 0/1, fuzzing: 1212911/7766279631452241919, values: [], cov: 115646, corpus: 97
[2026-01-02 20:18:07.75] [status] tests: 0/1, fuzzing: 1215561/7766279631452241919, values: [], cov: 115646, corpus: 97
[2026-01-02 20:18:10.76] [status] tests: 0/1, fuzzing: 1218052/7766279631452241919, values: [], cov: 115646, corpus: 97
[2026-01-02 20:18:13.76] [status] tests: 0/1, fuzzing: 1220544/7766279631452241919, values: [], cov: 115646, corpus: 97
[2026-01-02 20:18:16.76] [status] tests: 0/1, fuzzing: 1223045/7766279631452241919, values: [], cov: 115646, corpus: 97
[2026-01-02 20:18:19.77] [status] tests: 0/1, fuzzing: 1225444/7766279631452241919, values: [], cov: 115646, corpus: 97
[2026-01-02 20:18:22.77] [status] tests: 0/1, fuzzing: 1227421/7766279631452241919, values: [], cov: 115646, corpus: 97
[2026-01-02 20:18:25.78] [status] tests: 0/1, fuzzing: 1229756/7766279631452241919, values: [], cov: 115646, corpus: 97
[2026-01-02 20:18:28.78] [status] tests: 0/1, fuzzing: 1232132/7766279631452241919, values: [], cov: 115646, corpus: 97
[2026-01-02 20:18:31.78] [status] tests: 0/1, fuzzing: 1234722/7766279631452241919, values: [], cov: 115646, corpus: 97
[2026-01-02 20:18:34.79] [status] tests: 0/1, fuzzing: 1236911/7766279631452241919, values: [], cov: 115646, corpus: 97
[2026-01-02 20:18:37.79] [status] tests: 0/1, fuzzing: 1239993/7766279631452241919, values: [], cov: 115646, corpus: 97
[2026-01-02 20:18:40.80] [status] tests: 0/1, fuzzing: 1242613/7766279631452241919, values: [], cov: 115646, corpus: 97
[2026-01-02 20:18:43.80] [status] tests: 0/1, fuzzing: 1244691/7766279631452241919, values: [], cov: 115646, corpus: 97
[2026-01-02 20:18:46.80] [status] tests: 0/1, fuzzing: 1247182/7766279631452241919, values: [], cov: 115646, corpus: 97
[2026-01-02 20:18:49.81] [status] tests: 0/1, fuzzing: 1249675/7766279631452241919, values: [], cov: 115646, corpus: 97
[2026-01-02 20:18:52.81] [status] tests: 0/1, fuzzing: 1251760/7766279631452241919, values: [], cov: 115646, corpus: 97
[2026-01-02 20:18:55.82] [status] tests: 0/1, fuzzing: 1253780/7766279631452241919, values: [], cov: 115646, corpus: 97
[2026-01-02 20:18:58.82] [status] tests: 0/1, fuzzing: 1256274/7766279631452241919, values: [], cov: 115646, corpus: 97
[2026-01-02 20:19:01.83] [status] tests: 0/1, fuzzing: 1258752/7766279631452241919, values: [], cov: 115646, corpus: 97
[2026-01-02 20:19:04.83] [status] tests: 0/1, fuzzing: 1261460/7766279631452241919, values: [], cov: 115646, corpus: 97
[2026-01-02 20:19:07.84] [status] tests: 0/1, fuzzing: 1263959/7766279631452241919, values: [], cov: 115646, corpus: 97
[2026-01-02 20:19:10.84] [status] tests: 0/1, fuzzing: 1266181/7766279631452241919, values: [], cov: 115646, corpus: 97
[2026-01-02 20:19:13.85] [status] tests: 0/1, fuzzing: 1268592/7766279631452241919, values: [], cov: 115646, corpus: 97
[2026-01-02 20:19:16.85] [status] tests: 0/1, fuzzing: 1270830/7766279631452241919, values: [], cov: 115646, corpus: 97
[2026-01-02 20:19:19.85] [status] tests: 0/1, fuzzing: 1273334/7766279631452241919, values: [], cov: 115646, corpus: 97
[2026-01-02 20:19:22.86] [status] tests: 0/1, fuzzing: 1276137/7766279631452241919, values: [], cov: 115646, corpus: 97
[2026-01-02 20:19:25.86] [status] tests: 0/1, fuzzing: 1278431/7766279631452241919, values: [], cov: 115646, corpus: 97
[2026-01-02 20:19:28.87] [status] tests: 0/1, fuzzing: 1280845/7766279631452241919, values: [], cov: 115646, corpus: 97
[2026-01-02 20:19:31.87] [status] tests: 0/1, fuzzing: 1283147/7766279631452241919, values: [], cov: 115646, corpus: 97
[2026-01-02 20:19:34.88] [status] tests: 0/1, fuzzing: 1285535/7766279631452241919, values: [], cov: 115646, corpus: 97
[2026-01-02 20:19:37.88] [status] tests: 0/1, fuzzing: 1287949/7766279631452241919, values: [], cov: 115646, corpus: 97
[2026-01-02 20:19:40.88] [status] tests: 0/1, fuzzing: 1290347/7766279631452241919, values: [], cov: 115646, corpus: 97
[2026-01-02 20:19:43.89] [status] tests: 0/1, fuzzing: 1292767/7766279631452241919, values: [], cov: 115646, corpus: 97
[2026-01-02 20:19:46.89] [status] tests: 0/1, fuzzing: 1295046/7766279631452241919, values: [], cov: 115646, corpus: 97
[2026-01-02 20:19:49.90] [status] tests: 0/1, fuzzing: 1297581/7766279631452241919, values: [], cov: 115646, corpus: 97
[2026-01-02 20:19:52.90] [status] tests: 0/1, fuzzing: 1299878/7766279631452241919, values: [], cov: 115646, corpus: 97
[2026-01-02 20:19:55.91] [status] tests: 0/1, fuzzing: 1303167/7766279631452241919, values: [], cov: 115646, corpus: 97
[2026-01-02 20:19:58.91] [status] tests: 0/1, fuzzing: 1305086/7766279631452241919, values: [], cov: 115646, corpus: 97
[2026-01-02 20:20:01.92] [status] tests: 0/1, fuzzing: 1307357/7766279631452241919, values: [], cov: 115646, corpus: 97
[2026-01-02 20:20:04.93] [status] tests: 0/1, fuzzing: 1309551/7766279631452241919, values: [], cov: 115646, corpus: 97
[2026-01-02 20:20:07.93] [status] tests: 0/1, fuzzing: 1311771/7766279631452241919, values: [], cov: 115646, corpus: 97
[2026-01-02 20:20:10.93] [status] tests: 0/1, fuzzing: 1314094/7766279631452241919, values: [], cov: 115646, corpus: 97
[2026-01-02 20:20:13.94] [status] tests: 0/1, fuzzing: 1316393/7766279631452241919, values: [], cov: 115646, corpus: 97
[2026-01-02 20:20:16.94] [status] tests: 0/1, fuzzing: 1318350/7766279631452241919, values: [], cov: 115646, corpus: 97
[2026-01-02 20:20:19.95] [status] tests: 0/1, fuzzing: 1320540/7766279631452241919, values: [], cov: 115646, corpus: 97
[2026-01-02 20:20:22.95] [status] tests: 0/1, fuzzing: 1322992/7766279631452241919, values: [], cov: 115646, corpus: 97
[2026-01-02 20:20:25.96] [status] tests: 0/1, fuzzing: 1325131/7766279631452241919, values: [], cov: 115646, corpus: 97
[2026-01-02 20:20:28.96] [status] tests: 0/1, fuzzing: 1327508/7766279631452241919, values: [], cov: 115646, corpus: 97
[2026-01-02 20:20:31.96] [status] tests: 0/1, fuzzing: 1329528/7766279631452241919, values: [], cov: 115646, corpus: 97
[2026-01-02 20:20:34.97] [status] tests: 0/1, fuzzing: 1331964/7766279631452241919, values: [], cov: 115646, corpus: 97
[2026-01-02 20:20:37.97] [status] tests: 0/1, fuzzing: 1334240/7766279631452241919, values: [], cov: 115646, corpus: 97
[2026-01-02 20:20:40.98] [status] tests: 0/1, fuzzing: 1336470/7766279631452241919, values: [], cov: 115646, corpus: 97
[2026-01-02 20:20:43.98] [status] tests: 0/1, fuzzing: 1339298/7766279631452241919, values: [], cov: 115646, corpus: 97
[2026-01-02 20:20:46.99] [status] tests: 0/1, fuzzing: 1341553/7766279631452241919, values: [], cov: 115646, corpus: 97
[2026-01-02 20:20:49.99] [status] tests: 0/1, fuzzing: 1343995/7766279631452241919, values: [], cov: 115646, corpus: 97
[2026-01-02 20:20:53.00] [status] tests: 0/1, fuzzing: 1346365/7766279631452241919, values: [], cov: 115646, corpus: 97
[2026-01-02 20:20:56.00] [status] tests: 0/1, fuzzing: 1348864/7766279631452241919, values: [], cov: 115646, corpus: 97
[2026-01-02 20:20:59.01] [status] tests: 0/1, fuzzing: 1351366/7766279631452241919, values: [], cov: 115646, corpus: 97
[2026-01-02 20:21:02.01] [status] tests: 0/1, fuzzing: 1353533/7766279631452241919, values: [], cov: 115646, corpus: 97
[2026-01-02 20:21:05.01] [status] tests: 0/1, fuzzing: 1355538/7766279631452241919, values: [], cov: 115646, corpus: 97
[2026-01-02 20:21:08.02] [status] tests: 0/1, fuzzing: 1357811/7766279631452241919, values: [], cov: 115646, corpus: 97
[2026-01-02 20:21:11.02] [status] tests: 0/1, fuzzing: 1359724/7766279631452241919, values: [], cov: 115646, corpus: 97
[2026-01-02 20:21:14.02] [status] tests: 0/1, fuzzing: 1362044/7766279631452241919, values: [], cov: 115646, corpus: 97
[2026-01-02 20:21:17.03] [status] tests: 0/1, fuzzing: 1364081/7766279631452241919, values: [], cov: 115646, corpus: 97
[2026-01-02 20:21:20.03] [status] tests: 0/1, fuzzing: 1366403/7766279631452241919, values: [], cov: 115646, corpus: 97
[2026-01-02 20:21:23.04] [status] tests: 0/1, fuzzing: 1368782/7766279631452241919, values: [], cov: 115646, corpus: 97
[2026-01-02 20:21:26.04] [status] tests: 0/1, fuzzing: 1371082/7766279631452241919, values: [], cov: 115646, corpus: 97
[2026-01-02 20:21:29.05] [status] tests: 0/1, fuzzing: 1373162/7766279631452241919, values: [], cov: 115646, corpus: 97
[2026-01-02 20:21:32.05] [status] tests: 0/1, fuzzing: 1375305/7766279631452241919, values: [], cov: 115646, corpus: 97
[2026-01-02 20:21:35.05] [status] tests: 0/1, fuzzing: 1377648/7766279631452241919, values: [], cov: 115646, corpus: 97
[2026-01-02 20:21:38.06] [status] tests: 0/1, fuzzing: 1380310/7766279631452241919, values: [], cov: 115646, corpus: 97
[2026-01-02 20:21:41.06] [status] tests: 0/1, fuzzing: 1382405/7766279631452241919, values: [], cov: 115646, corpus: 97
[2026-01-02 20:21:44.07] [status] tests: 0/1, fuzzing: 1384694/7766279631452241919, values: [], cov: 115646, corpus: 97
[2026-01-02 20:21:47.07] [status] tests: 0/1, fuzzing: 1386952/7766279631452241919, values: [], cov: 115646, corpus: 97
[2026-01-02 20:21:50.08] [status] tests: 0/1, fuzzing: 1389600/7766279631452241919, values: [], cov: 115646, corpus: 97
[2026-01-02 20:21:53.08] [status] tests: 0/1, fuzzing: 1392240/7766279631452241919, values: [], cov: 115646, corpus: 97
[2026-01-02 20:21:56.08] [status] tests: 0/1, fuzzing: 1394518/7766279631452241919, values: [], cov: 115646, corpus: 97
[2026-01-02 20:21:59.09] [status] tests: 0/1, fuzzing: 1396380/7766279631452241919, values: [], cov: 115646, corpus: 97
[2026-01-02 20:22:02.09] [status] tests: 0/1, fuzzing: 1398973/7766279631452241919, values: [], cov: 115646, corpus: 97
[2026-01-02 20:22:05.10] [status] tests: 0/1, fuzzing: 1401343/7766279631452241919, values: [], cov: 115646, corpus: 97
[2026-01-02 20:22:08.10] [status] tests: 0/1, fuzzing: 1404050/7766279631452241919, values: [], cov: 115646, corpus: 97
[2026-01-02 20:22:11.11] [status] tests: 0/1, fuzzing: 1406166/7766279631452241919, values: [], cov: 115646, corpus: 97
[2026-01-02 20:22:14.11] [status] tests: 0/1, fuzzing: 1408603/7766279631452241919, values: [], cov: 115646, corpus: 97
[2026-01-02 20:22:17.12] [status] tests: 0/1, fuzzing: 1410421/7766279631452241919, values: [], cov: 115646, corpus: 97
[2026-01-02 20:22:20.12] [status] tests: 0/1, fuzzing: 1412845/7766279631452241919, values: [], cov: 115646, corpus: 97
[2026-01-02 20:22:23.12] [status] tests: 0/1, fuzzing: 1415013/7766279631452241919, values: [], cov: 115646, corpus: 97
[2026-01-02 20:22:26.13] [status] tests: 0/1, fuzzing: 1417531/7766279631452241919, values: [], cov: 115646, corpus: 97
[2026-01-02 20:22:29.14] [status] tests: 0/1, fuzzing: 1420424/7766279631452241919, values: [], cov: 115646, corpus: 97
[2026-01-02 20:22:32.14] [status] tests: 0/1, fuzzing: 1422817/7766279631452241919, values: [], cov: 115646, corpus: 97
[2026-01-02 20:22:35.14] [status] tests: 0/1, fuzzing: 1425352/7766279631452241919, values: [], cov: 115646, corpus: 97
[2026-01-02 20:22:38.15] [status] tests: 0/1, fuzzing: 1427470/7766279631452241919, values: [], cov: 115646, corpus: 97
[2026-01-02 20:22:41.15] [status] tests: 0/1, fuzzing: 1430016/7766279631452241919, values: [], cov: 115646, corpus: 97
[2026-01-02 20:22:44.16] [status] tests: 0/1, fuzzing: 1432577/7766279631452241919, values: [], cov: 115646, corpus: 97
[2026-01-02 20:22:47.16] [status] tests: 0/1, fuzzing: 1435008/7766279631452241919, values: [], cov: 115646, corpus: 97
[2026-01-02 20:22:50.17] [status] tests: 0/1, fuzzing: 1437425/7766279631452241919, values: [], cov: 115646, corpus: 97
[2026-01-02 20:22:50.73] [Worker 1] Time limit reached. Stopping.
[2026-01-02 20:22:50.73] [Worker 2] Time limit reached. Stopping.
[2026-01-02 20:22:50.73] [Worker 0] Time limit reached. Stopping.
[2026-01-02 20:22:50.73] [Worker 3] Time limit reached. Stopping.
[2026-01-02 20:22:50.73] [status] tests: 0/1, fuzzing: 1437829/7766279631452241919, values: [], cov: 115646, corpus: 97


Unique instructions: 115646
Unique codehashes: 59
Corpus size: 97
Seed: 7695174330663935172
Total calls: 1437829

[2026-01-02 20:22:50.73] Saving test reproducers... Done! (0s)
[2026-01-02 20:22:50.73] Saving corpus... Done! (6.088508s)
[2026-01-02 20:22:56.82] Saving coverage... Done! (17.718876s)
